17:04:01 **** Clean-only build of configuration Debug for project RX_TX_loopback ****
make clean 
rm -rf  ./src/adau1761.o ./src/audioPlayer.o ./src/audioRxTx.o ./src/audioSample.o ./src/bufferPool_d.o ./src/chunk_d.o ./src/fprof.o ./src/frequencyScaling.o ./src/kiss_fft.o ./src/kiss_fftr.o ./src/main.o ./src/snd_sample.o  ./ipprof.o  ./src/adau1761.d ./src/audioPlayer.d ./src/audioRxTx.d ./src/audioSample.d ./src/bufferPool_d.d ./src/chunk_d.d ./src/fprof.d ./src/frequencyScaling.d ./src/kiss_fft.d ./src/kiss_fftr.d ./src/main.d ./src/snd_sample.d  ./ipprof.d  RX_TX_loopback.elf.size  RX_TX_loopback.elf
' '
17:04:01 **** Clean-only build of project freertos_bsp_3_1_1 ****
make -k clean 
rm -f ps7_cortexa9_0/lib/libxil.a
17:04:01 **** Build of project freertos_bsp_3_1_1 ****
make -k all 
"Running Make include in ps7_cortexa9_0/libsrc/coresightps_dcc_v1_2/src"
make -C ps7_cortexa9_0/libsrc/coresightps_dcc_v1_2/src -s include  "SHELL=CMD" "COMPILER=arm-xilinx-eabi-gcc" "ARCHIVER=arm-xilinx-eabi-ar" "COMPILER_FLAGS=  -O2 -c" "EXTRA_COMPILER_FLAGS=-g"
"Running Make include in ps7_cortexa9_0/libsrc/cpu_cortexa9_v2_1/src"
make -C ps7_cortexa9_0/libsrc/cpu_cortexa9_v2_1/src -s include  "SHELL=CMD" "COMPILER=arm-xilinx-eabi-gcc" "ARCHIVER=arm-xilinx-eabi-ar" "COMPILER_FLAGS=  -O2 -c" "EXTRA_COMPILER_FLAGS=-g"
"Running Make include in ps7_cortexa9_0/libsrc/ddrps_v1_0/src"
make -C ps7_cortexa9_0/libsrc/ddrps_v1_0/src -s include  "SHELL=CMD" "COMPILER=arm-xilinx-eabi-gcc" "ARCHIVER=arm-xilinx-eabi-ar" "COMPILER_FLAGS=  -O2 -c" "EXTRA_COMPILER_FLAGS=-g"
"Running Make include in ps7_cortexa9_0/libsrc/devcfg_v3_3/src"
make -C ps7_cortexa9_0/libsrc/devcfg_v3_3/src -s include  "SHELL=CMD" "COMPILER=arm-xilinx-eabi-gcc" "ARCHIVER=arm-xilinx-eabi-ar" "COMPILER_FLAGS=  -O2 -c" "EXTRA_COMPILER_FLAGS=-g"
"Running Make include in ps7_cortexa9_0/libsrc/dmaps_v2_1/src"
make -C ps7_cortexa9_0/libsrc/dmaps_v2_1/src -s include  "SHELL=CMD" "COMPILER=arm-xilinx-eabi-gcc" "ARCHIVER=arm-xilinx-eabi-ar" "COMPILER_FLAGS=  -O2 -c" "EXTRA_COMPILER_FLAGS=-g"
"Running Make include in ps7_cortexa9_0/libsrc/emacps_v3_1/src"
make -C ps7_cortexa9_0/libsrc/emacps_v3_1/src -s include  "SHELL=CMD" "COMPILER=arm-xilinx-eabi-gcc" "ARCHIVER=arm-xilinx-eabi-ar" "COMPILER_FLAGS=  -O2 -c" "EXTRA_COMPILER_FLAGS=-g"
"Running Make include in ps7_cortexa9_0/libsrc/freertos823_xilinx_v1_0/src"
make -C ps7_cortexa9_0/libsrc/freertos823_xilinx_v1_0/src -s include  "SHELL=CMD" "COMPILER=arm-xilinx-eabi-gcc" "ARCHIVER=arm-xilinx-eabi-ar" "COMPILER_FLAGS=  -O2 -c" "EXTRA_COMPILER_FLAGS=-g"
"include"
"Running Make include in ps7_cortexa9_0/libsrc/gpiops_v3_1/src"
make -C ps7_cortexa9_0/libsrc/gpiops_v3_1/src -s include  "SHELL=CMD" "COMPILER=arm-xilinx-eabi-gcc" "ARCHIVER=arm-xilinx-eabi-ar" "COMPILER_FLAGS=  -O2 -c" "EXTRA_COMPILER_FLAGS=-g"
"Running Make include in ps7_cortexa9_0/libsrc/iicps_v3_0/src"
make -C ps7_cortexa9_0/libsrc/iicps_v3_0/src -s include  "SHELL=CMD" "COMPILER=arm-xilinx-eabi-gcc" "ARCHIVER=arm-xilinx-eabi-ar" "COMPILER_FLAGS=  -O2 -c" "EXTRA_COMPILER_FLAGS=-g"
"Running Make include in ps7_cortexa9_0/libsrc/llfifo_v4_0/src"
make -C ps7_cortexa9_0/libsrc/llfifo_v4_0/src -s include  "SHELL=CMD" "COMPILER=arm-xilinx-eabi-gcc" "ARCHIVER=arm-xilinx-eabi-ar" "COMPILER_FLAGS=  -O2 -c" "EXTRA_COMPILER_FLAGS=-g"
"Running Make include in ps7_cortexa9_0/libsrc/qspips_v3_2/src"
make -C ps7_cortexa9_0/libsrc/qspips_v3_2/src -s include  "SHELL=CMD" "COMPILER=arm-xilinx-eabi-gcc" "ARCHIVER=arm-xilinx-eabi-ar" "COMPILER_FLAGS=  -O2 -c" "EXTRA_COMPILER_FLAGS=-g"
"Running Make include in ps7_cortexa9_0/libsrc/scugic_v3_1/src"
make -C ps7_cortexa9_0/libsrc/scugic_v3_1/src -s include  "SHELL=CMD" "COMPILER=arm-xilinx-eabi-gcc" "ARCHIVER=arm-xilinx-eabi-ar" "COMPILER_FLAGS=  -O2 -c" "EXTRA_COMPILER_FLAGS=-g"
"Running Make include in ps7_cortexa9_0/libsrc/scutimer_v2_1/src"
make -C ps7_cortexa9_0/libsrc/scutimer_v2_1/src -s include  "SHELL=CMD" "COMPILER=arm-xilinx-eabi-gcc" "ARCHIVER=arm-xilinx-eabi-ar" "COMPILER_FLAGS=  -O2 -c" "EXTRA_COMPILER_FLAGS=-g"
"Running Make include in ps7_cortexa9_0/libsrc/scuwdt_v2_1/src"
make -C ps7_cortexa9_0/libsrc/scuwdt_v2_1/src -s include  "SHELL=CMD" "COMPILER=arm-xilinx-eabi-gcc" "ARCHIVER=arm-xilinx-eabi-ar" "COMPILER_FLAGS=  -O2 -c" "EXTRA_COMPILER_FLAGS=-g"
"Running Make include in ps7_cortexa9_0/libsrc/sdps_v2_6/src"
make -C ps7_cortexa9_0/libsrc/sdps_v2_6/src -s include  "SHELL=CMD" "COMPILER=arm-xilinx-eabi-gcc" "ARCHIVER=arm-xilinx-eabi-ar" "COMPILER_FLAGS=  -O2 -c" "EXTRA_COMPILER_FLAGS=-g"
"Running Make include in ps7_cortexa9_0/libsrc/ttcps_v3_0/src"
make -C ps7_cortexa9_0/libsrc/ttcps_v3_0/src -s include  "SHELL=CMD" "COMPILER=arm-xilinx-eabi-gcc" "ARCHIVER=arm-xilinx-eabi-ar" "COMPILER_FLAGS=  -O2 -c" "EXTRA_COMPILER_FLAGS=-g"
"Running Make include in ps7_cortexa9_0/libsrc/uartps_v3_1/src"
make -C ps7_cortexa9_0/libsrc/uartps_v3_1/src -s include  "SHELL=CMD" "COMPILER=arm-xilinx-eabi-gcc" "ARCHIVER=arm-xilinx-eabi-ar" "COMPILER_FLAGS=  -O2 -c" "EXTRA_COMPILER_FLAGS=-g"
"Running Make include in ps7_cortexa9_0/libsrc/usbps_v2_2/src"
make -C ps7_cortexa9_0/libsrc/usbps_v2_2/src -s include  "SHELL=CMD" "COMPILER=arm-xilinx-eabi-gcc" "ARCHIVER=arm-xilinx-eabi-ar" "COMPILER_FLAGS=  -O2 -c" "EXTRA_COMPILER_FLAGS=-g"
"Running Make include in ps7_cortexa9_0/libsrc/xadcps_v2_2/src"
make -C ps7_cortexa9_0/libsrc/xadcps_v2_2/src -s include  "SHELL=CMD" "COMPILER=arm-xilinx-eabi-gcc" "ARCHIVER=arm-xilinx-eabi-ar" "COMPILER_FLAGS=  -O2 -c" "EXTRA_COMPILER_FLAGS=-g"
"Running Make libs in ps7_cortexa9_0/libsrc/coresightps_dcc_v1_2/src"
make -C ps7_cortexa9_0/libsrc/coresightps_dcc_v1_2/src -s libs  "SHELL=CMD" "COMPILER=arm-xilinx-eabi-gcc" "ARCHIVER=arm-xilinx-eabi-ar" "COMPILER_FLAGS=  -O2 -c" "EXTRA_COMPILER_FLAGS=-g"
"Compiling coresightps_dcc"
arm-xilinx-eabi-ar: creating ../../../lib/libxil.a
"Running Make libs in ps7_cortexa9_0/libsrc/cpu_cortexa9_v2_1/src"
make -C ps7_cortexa9_0/libsrc/cpu_cortexa9_v2_1/src -s libs  "SHELL=CMD" "COMPILER=arm-xilinx-eabi-gcc" "ARCHIVER=arm-xilinx-eabi-ar" "COMPILER_FLAGS=  -O2 -c" "EXTRA_COMPILER_FLAGS=-g"
"Compiling cpu_cortexa9"
"Running Make libs in ps7_cortexa9_0/libsrc/ddrps_v1_0/src"
make -C ps7_cortexa9_0/libsrc/ddrps_v1_0/src -s libs  "SHELL=CMD" "COMPILER=arm-xilinx-eabi-gcc" "ARCHIVER=arm-xilinx-eabi-ar" "COMPILER_FLAGS=  -O2 -c" "EXTRA_COMPILER_FLAGS=-g"
"Compiling ddrps"
"Running Make libs in ps7_cortexa9_0/libsrc/devcfg_v3_3/src"
make -C ps7_cortexa9_0/libsrc/devcfg_v3_3/src -s libs  "SHELL=CMD" "COMPILER=arm-xilinx-eabi-gcc" "ARCHIVER=arm-xilinx-eabi-ar" "COMPILER_FLAGS=  -O2 -c" "EXTRA_COMPILER_FLAGS=-g"
"Compiling devcfg"
"Running Make libs in ps7_cortexa9_0/libsrc/dmaps_v2_1/src"
make -C ps7_cortexa9_0/libsrc/dmaps_v2_1/src -s libs  "SHELL=CMD" "COMPILER=arm-xilinx-eabi-gcc" "ARCHIVER=arm-xilinx-eabi-ar" "COMPILER_FLAGS=  -O2 -c" "EXTRA_COMPILER_FLAGS=-g"
"Compiling dmaps"
"Running Make libs in ps7_cortexa9_0/libsrc/emacps_v3_1/src"
make -C ps7_cortexa9_0/libsrc/emacps_v3_1/src -s libs  "SHELL=CMD" "COMPILER=arm-xilinx-eabi-gcc" "ARCHIVER=arm-xilinx-eabi-ar" "COMPILER_FLAGS=  -O2 -c" "EXTRA_COMPILER_FLAGS=-g"
"Compiling emacps"
"Running Make libs in ps7_cortexa9_0/libsrc/freertos823_xilinx_v1_0/src"
make -C ps7_cortexa9_0/libsrc/freertos823_xilinx_v1_0/src -s libs  "SHELL=CMD" "COMPILER=arm-xilinx-eabi-gcc" "ARCHIVER=arm-xilinx-eabi-ar" "COMPILER_FLAGS=  -O2 -c" "EXTRA_COMPILER_FLAGS=-g"
"Compiling standalone"
"Compiling FreeRTOS"
"Running Make libs in ps7_cortexa9_0/libsrc/gpiops_v3_1/src"
make -C ps7_cortexa9_0/libsrc/gpiops_v3_1/src -s libs  "SHELL=CMD" "COMPILER=arm-xilinx-eabi-gcc" "ARCHIVER=arm-xilinx-eabi-ar" "COMPILER_FLAGS=  -O2 -c" "EXTRA_COMPILER_FLAGS=-g"
"Compiling gpiops"
"Running Make libs in ps7_cortexa9_0/libsrc/iicps_v3_0/src"
make -C ps7_cortexa9_0/libsrc/iicps_v3_0/src -s libs  "SHELL=CMD" "COMPILER=arm-xilinx-eabi-gcc" "ARCHIVER=arm-xilinx-eabi-ar" "COMPILER_FLAGS=  -O2 -c" "EXTRA_COMPILER_FLAGS=-g"
"Compiling iicps"
"Running Make libs in ps7_cortexa9_0/libsrc/llfifo_v4_0/src"
make -C ps7_cortexa9_0/libsrc/llfifo_v4_0/src -s libs  "SHELL=CMD" "COMPILER=arm-xilinx-eabi-gcc" "ARCHIVER=arm-xilinx-eabi-ar" "COMPILER_FLAGS=  -O2 -c" "EXTRA_COMPILER_FLAGS=-g"
"Compiling llfifo"
"Running Make libs in ps7_cortexa9_0/libsrc/qspips_v3_2/src"
make -C ps7_cortexa9_0/libsrc/qspips_v3_2/src -s libs  "SHELL=CMD" "COMPILER=arm-xilinx-eabi-gcc" "ARCHIVER=arm-xilinx-eabi-ar" "COMPILER_FLAGS=  -O2 -c" "EXTRA_COMPILER_FLAGS=-g"
"Compiling qspips"
"Running Make libs in ps7_cortexa9_0/libsrc/scugic_v3_1/src"
make -C ps7_cortexa9_0/libsrc/scugic_v3_1/src -s libs  "SHELL=CMD" "COMPILER=arm-xilinx-eabi-gcc" "ARCHIVER=arm-xilinx-eabi-ar" "COMPILER_FLAGS=  -O2 -c" "EXTRA_COMPILER_FLAGS=-g"
"Compiling scugic"
"Running Make libs in ps7_cortexa9_0/libsrc/scutimer_v2_1/src"
make -C ps7_cortexa9_0/libsrc/scutimer_v2_1/src -s libs  "SHELL=CMD" "COMPILER=arm-xilinx-eabi-gcc" "ARCHIVER=arm-xilinx-eabi-ar" "COMPILER_FLAGS=  -O2 -c" "EXTRA_COMPILER_FLAGS=-g"
"Compiling scutimer"
"Running Make libs in ps7_cortexa9_0/libsrc/scuwdt_v2_1/src"
make -C ps7_cortexa9_0/libsrc/scuwdt_v2_1/src -s libs  "SHELL=CMD" "COMPILER=arm-xilinx-eabi-gcc" "ARCHIVER=arm-xilinx-eabi-ar" "COMPILER_FLAGS=  -O2 -c" "EXTRA_COMPILER_FLAGS=-g"
"Compiling scuwdt"
"Running Make libs in ps7_cortexa9_0/libsrc/sdps_v2_6/src"
make -C ps7_cortexa9_0/libsrc/sdps_v2_6/src -s libs  "SHELL=CMD" "COMPILER=arm-xilinx-eabi-gcc" "ARCHIVER=arm-xilinx-eabi-ar" "COMPILER_FLAGS=  -O2 -c" "EXTRA_COMPILER_FLAGS=-g"
"Compiling sdps"
"Running Make libs in ps7_cortexa9_0/libsrc/ttcps_v3_0/src"
make -C ps7_cortexa9_0/libsrc/ttcps_v3_0/src -s libs  "SHELL=CMD" "COMPILER=arm-xilinx-eabi-gcc" "ARCHIVER=arm-xilinx-eabi-ar" "COMPILER_FLAGS=  -O2 -c" "EXTRA_COMPILER_FLAGS=-g"
"Compiling ttcps"
"Running Make libs in ps7_cortexa9_0/libsrc/uartps_v3_1/src"
make -C ps7_cortexa9_0/libsrc/uartps_v3_1/src -s libs  "SHELL=CMD" "COMPILER=arm-xilinx-eabi-gcc" "ARCHIVER=arm-xilinx-eabi-ar" "COMPILER_FLAGS=  -O2 -c" "EXTRA_COMPILER_FLAGS=-g"
"Compiling uartps"
"Running Make libs in ps7_cortexa9_0/libsrc/usbps_v2_2/src"
make -C ps7_cortexa9_0/libsrc/usbps_v2_2/src -s libs  "SHELL=CMD" "COMPILER=arm-xilinx-eabi-gcc" "ARCHIVER=arm-xilinx-eabi-ar" "COMPILER_FLAGS=  -O2 -c" "EXTRA_COMPILER_FLAGS=-g"
"Compiling usbps"
"Running Make libs in ps7_cortexa9_0/libsrc/xadcps_v2_2/src"
make -C ps7_cortexa9_0/libsrc/xadcps_v2_2/src -s libs  "SHELL=CMD" "COMPILER=arm-xilinx-eabi-gcc" "ARCHIVER=arm-xilinx-eabi-ar" "COMPILER_FLAGS=  -O2 -c" "EXTRA_COMPILER_FLAGS=-g"
"Compiling xadcps"
'Finished building libraries'
17:04:16 **** Build of configuration Debug for project RX_TX_loopback ****
make all 
'Building file: ../src/adau1761.c'
'Invoking: ARM gcc compiler'
arm-xilinx-eabi-gcc -Wall -O0 -g3 -c -fmessage-length=0 -MT"src/adau1761.o" -I../../freertos_bsp_3_1_1/ps7_cortexa9_0/include -MMD -MP -MF"src/adau1761.d" -MT"src/adau1761.d" -o "src/adau1761.o" "../src/adau1761.c"
In file included from ../src/zedboard_freertos.h:16:0,
                 from ../src/bufferPool_d.h:23,
                 from ../src/audioRxTx.h:20,
                 from ../src/adau1761.c:1:
../../freertos_bsp_3_1_1/ps7_cortexa9_0/include/xbasic_types.h:115:2: warning: #warning The xbasics_type.h file is deprecated and users should use xil_types.h and xil_assert. [-Wcpp]
 #warning  The xbasics_type.h file is deprecated and users should use xil_types.h and xil_assert.
  ^
../../freertos_bsp_3_1_1/ps7_cortexa9_0/include/xbasic_types.h:116:2: warning: #warning Please refer the Standalone BSP UG647 for further details [-Wcpp]
 #warning  Please refer the Standalone BSP UG647 for further details
  ^
'Finished building: ../src/adau1761.c'
' '
'Building file: ../src/audioPlayer.c'
'Invoking: ARM gcc compiler'
arm-xilinx-eabi-gcc -Wall -O0 -g3 -c -fmessage-length=0 -MT"src/audioPlayer.o" -I../../freertos_bsp_3_1_1/ps7_cortexa9_0/include -MMD -MP -MF"src/audioPlayer.d" -MT"src/audioPlayer.d" -o "src/audioPlayer.o" "../src/audioPlayer.c"
In file included from ../src/zedboard_freertos.h:16:0,
                 from ../src/bufferPool_d.h:23,
                 from ../src/audioPlayer.h:21,
                 from ../src/audioPlayer.c:19:
../../freertos_bsp_3_1_1/ps7_cortexa9_0/include/xbasic_types.h:115:2: warning: #warning The xbasics_type.h file is deprecated and users should use xil_types.h and xil_assert. [-Wcpp]
 #warning  The xbasics_type.h file is deprecated and users should use xil_types.h and xil_assert.
  ^
../../freertos_bsp_3_1_1/ps7_cortexa9_0/include/xbasic_types.h:116:2: warning: #warning Please refer the Standalone BSP UG647 for further details [-Wcpp]
 #warning  Please refer the Standalone BSP UG647 for further details
  ^
../src/audioPlayer.c: In function 'audioPlayer_init':
../src/audioPlayer.c:55:2: warning: implicit declaration of function 'Adau1761_Init' [-Wimplicit-function-declaration]
  Adau1761_Init(&pThis->codec);
  ^
In file included from ../src/zedboard_freertos.h:2:0,
                 from ../src/bufferPool_d.h:23,
                 from ../src/audioPlayer.h:21,
                 from ../src/audioPlayer.c:19:
../src/audioPlayer.c: In function 'audioPlayer_start':
../../freertos_bsp_3_1_1/ps7_cortexa9_0/include/task.h:345:134: warning: pointer targets in passing argument 2 of 'xTaskGenericCreate' differ in signedness [-Wpointer-sign]
 #define xTaskCreate( pvTaskCode, pcName, usStackDepth, pvParameters, uxPriority, pxCreatedTask ) xTaskGenericCreate( ( pvTaskCode ), ( pcName ), ( usStackDepth ), ( pvParameters ), ( uxPriority ), ( pxCreatedTask ), ( NULL ), ( NULL ) )
                                                                                                                                      ^
../src/audioPlayer.c:84:5: note: in expansion of macro 'xTaskCreate'
     xTaskCreate( gpio_task, ( signed char * ) "GPIO", configMINIMAL_STACK_SIZE, NULL, tskIDLE_PRIORITY + 1 , NULL );
     ^
../../freertos_bsp_3_1_1/ps7_cortexa9_0/include/task.h:1986:12: note: expected 'const char * const' but argument is of type 'signed char *'
 BaseType_t xTaskGenericCreate( TaskFunction_t pxTaskCode, const char * const pcName, const uint16_t usStackDepth, void * const pvParameters, UBaseType_t uxPriority, TaskHandle_t * const pxCreatedTask, StackType_t * const puxStackBuffer, const MemoryRegion_t * const xRegions ) PRIVILEGED_FUNCTION; /*lint !e971 Unqualified char types are allowed for strings and single characters only. */
            ^
../../freertos_bsp_3_1_1/ps7_cortexa9_0/include/task.h:345:134: warning: pointer targets in passing argument 2 of 'xTaskGenericCreate' differ in signedness [-Wpointer-sign]
 #define xTaskCreate( pvTaskCode, pcName, usStackDepth, pvParameters, uxPriority, pxCreatedTask ) xTaskGenericCreate( ( pvTaskCode ), ( pcName ), ( usStackDepth ), ( pvParameters ), ( uxPriority ), ( pxCreatedTask ), ( NULL ), ( NULL ) )
                                                                                                                                      ^
../src/audioPlayer.c:87:5: note: in expansion of macro 'xTaskCreate'
     xTaskCreate( display_task, ( signed char * ) "DISPLAY", configMINIMAL_STACK_SIZE, NULL, tskIDLE_PRIORITY + 1 , NULL );
     ^
../../freertos_bsp_3_1_1/ps7_cortexa9_0/include/task.h:1986:12: note: expected 'const char * const' but argument is of type 'signed char *'
 BaseType_t xTaskGenericCreate( TaskFunction_t pxTaskCode, const char * const pcName, const uint16_t usStackDepth, void * const pvParameters, UBaseType_t uxPriority, TaskHandle_t * const pxCreatedTask, StackType_t * const puxStackBuffer, const MemoryRegion_t * const xRegions ) PRIVILEGED_FUNCTION; /*lint !e971 Unqualified char types are allowed for strings and single characters only. */
            ^
../../freertos_bsp_3_1_1/ps7_cortexa9_0/include/task.h:345:134: warning: pointer targets in passing argument 2 of 'xTaskGenericCreate' differ in signedness [-Wpointer-sign]
 #define xTaskCreate( pvTaskCode, pcName, usStackDepth, pvParameters, uxPriority, pxCreatedTask ) xTaskGenericCreate( ( pvTaskCode ), ( pcName ), ( usStackDepth ), ( pvParameters ), ( uxPriority ), ( pxCreatedTask ), ( NULL ), ( NULL ) )
                                                                                                                                      ^
../src/audioPlayer.c:90:2: note: in expansion of macro 'xTaskCreate'
  xTaskCreate( audioPlayer_task, ( signed char * ) "PLAYER", configMINIMAL_STACK_SIZE<<4, pThis, tskIDLE_PRIORITY + 1 , NULL );
  ^
../../freertos_bsp_3_1_1/ps7_cortexa9_0/include/task.h:1986:12: note: expected 'const char * const' but argument is of type 'signed char *'
 BaseType_t xTaskGenericCreate( TaskFunction_t pxTaskCode, const char * const pcName, const uint16_t usStackDepth, void * const pvParameters, UBaseType_t uxPriority, TaskHandle_t * const pxCreatedTask, StackType_t * const puxStackBuffer, const MemoryRegion_t * const xRegions ) PRIVILEGED_FUNCTION; /*lint !e971 Unqualified char types are allowed for strings and single characters only. */
            ^
'Finished building: ../src/audioPlayer.c'
' '
'Building file: ../src/audioRxTx.c'
'Invoking: ARM gcc compiler'
arm-xilinx-eabi-gcc -Wall -O0 -g3 -c -fmessage-length=0 -MT"src/audioRxTx.o" -I../../freertos_bsp_3_1_1/ps7_cortexa9_0/include -MMD -MP -MF"src/audioRxTx.d" -MT"src/audioRxTx.d" -o "src/audioRxTx.o" "../src/audioRxTx.c"
In file included from ../src/zedboard_freertos.h:16:0,
                 from ../src/bufferPool_d.h:23,
                 from ../src/audioRxTx.h:20,
                 from ../src/audioRxTx.c:18:
../../freertos_bsp_3_1_1/ps7_cortexa9_0/include/xbasic_types.h:115:2: warning: #warning The xbasics_type.h file is deprecated and users should use xil_types.h and xil_assert. [-Wcpp]
 #warning  The xbasics_type.h file is deprecated and users should use xil_types.h and xil_assert.
  ^
../../freertos_bsp_3_1_1/ps7_cortexa9_0/include/xbasic_types.h:116:2: warning: #warning Please refer the Standalone BSP UG647 for further details [-Wcpp]
 #warning  Please refer the Standalone BSP UG647 for further details
  ^
'Finished building: ../src/audioRxTx.c'
' '
'Building file: ../src/audioSample.c'
'Invoking: ARM gcc compiler'
arm-xilinx-eabi-gcc -Wall -O0 -g3 -c -fmessage-length=0 -MT"src/audioSample.o" -I../../freertos_bsp_3_1_1/ps7_cortexa9_0/include -MMD -MP -MF"src/audioSample.d" -MT"src/audioSample.d" -o "src/audioSample.o" "../src/audioSample.c"
../src/audioSample.c: In function 'audioSample_init':
../src/audioSample.c:31:17: warning: assignment from incompatible pointer type
   pThis->pmem   = snd_samples;
                 ^
'Finished building: ../src/audioSample.c'
' '
'Building file: ../src/bufferPool_d.c'
'Invoking: ARM gcc compiler'
arm-xilinx-eabi-gcc -Wall -O0 -g3 -c -fmessage-length=0 -MT"src/bufferPool_d.o" -I../../freertos_bsp_3_1_1/ps7_cortexa9_0/include -MMD -MP -MF"src/bufferPool_d.d" -MT"src/bufferPool_d.d" -o "src/bufferPool_d.o" "../src/bufferPool_d.c"
In file included from ../src/zedboard_freertos.h:16:0,
                 from ../src/bufferPool_d.h:23,
                 from ../src/bufferPool_d.c:17:
../../freertos_bsp_3_1_1/ps7_cortexa9_0/include/xbasic_types.h:115:2: warning: #warning The xbasics_type.h file is deprecated and users should use xil_types.h and xil_assert. [-Wcpp]
 #warning  The xbasics_type.h file is deprecated and users should use xil_types.h and xil_assert.
  ^
../../freertos_bsp_3_1_1/ps7_cortexa9_0/include/xbasic_types.h:116:2: warning: #warning Please refer the Standalone BSP UG647 for further details [-Wcpp]
 #warning  Please refer the Standalone BSP UG647 for further details
  ^
In file included from ../src/zedboard_freertos.h:3:0,
                 from ../src/bufferPool_d.h:23,
                 from ../src/bufferPool_d.c:17:
../src/bufferPool_d.c: In function 'bufferPool_d_init':
../../freertos_bsp_3_1_1/ps7_cortexa9_0/include/queue.h:421:109: warning: passing argument 3 of 'xQueueGenericSend' makes integer from pointer without a cast
 #define xQueueSend( xQueue, pvItemToQueue, xTicksToWait ) xQueueGenericSend( ( xQueue ), ( pvItemToQueue ), ( xTicksToWait ), queueSEND_TO_BACK )
                                                                                                             ^
../src/bufferPool_d.c:64:6: note: in expansion of macro 'xQueueSend'
   if(xQueueSend( pThis->freeList, &pChunk, NULL ) != pdPASS) {
      ^
../../freertos_bsp_3_1_1/ps7_cortexa9_0/include/queue.h:592:12: note: expected 'TickType_t' but argument is of type 'void *'
 BaseType_t xQueueGenericSend( QueueHandle_t xQueue, const void * const pvItemToQueue, TickType_t xTicksToWait, const BaseType_t xCopyPosition ) PRIVILEGED_FUNCTION;
            ^
../src/bufferPool_d.c: In function 'bufferPool_d_release_from_ISR':
../../freertos_bsp_3_1_1/ps7_cortexa9_0/include/queue.h:1261:136: warning: passing argument 3 of 'xQueueGenericSendFromISR' makes pointer from integer without a cast
 #define xQueueSendFromISR( xQueue, pvItemToQueue, pxHigherPriorityTaskWoken ) xQueueGenericSendFromISR( ( xQueue ), ( pvItemToQueue ), ( pxHigherPriorityTaskWoken ), queueSEND_TO_BACK )
                                                                                                                                        ^
../src/bufferPool_d.c:161:5: note: in expansion of macro 'xQueueSendFromISR'
  if(xQueueSendFromISR( pThis->freeList, &pChunk, ( TickType_t ) 10 ) != pdPASS) {
     ^
../../freertos_bsp_3_1_1/ps7_cortexa9_0/include/queue.h:1340:12: note: expected 'BaseType_t * const' but argument is of type 'long unsigned int'
 BaseType_t xQueueGenericSendFromISR( QueueHandle_t xQueue, const void * const pvItemToQueue, BaseType_t * const pxHigherPriorityTaskWoken, const BaseType_t xCopyPosition ) PRIVILEGED_FUNCTION;
            ^
'Finished building: ../src/bufferPool_d.c'
' '
'Building file: ../src/chunk_d.c'
'Invoking: ARM gcc compiler'
arm-xilinx-eabi-gcc -Wall -O0 -g3 -c -fmessage-length=0 -MT"src/chunk_d.o" -I../../freertos_bsp_3_1_1/ps7_cortexa9_0/include -MMD -MP -MF"src/chunk_d.d" -MT"src/chunk_d.d" -o "src/chunk_d.o" "../src/chunk_d.c"
'Finished building: ../src/chunk_d.c'
' '
'Building file: ../src/fprof.c'
'Invoking: ARM gcc compiler'
arm-xilinx-eabi-gcc -Wall -O0 -g3 -c -fmessage-length=0 -MT"src/fprof.o" -I../../freertos_bsp_3_1_1/ps7_cortexa9_0/include -MMD -MP -MF"src/fprof.d" -MT"src/fprof.d" -o "src/fprof.o" "../src/fprof.c"
'Finished building: ../src/fprof.c'
' '
'Building file: ../src/frequencyScaling.c'
'Invoking: ARM gcc compiler'
arm-xilinx-eabi-gcc -Wall -O0 -g3 -c -fmessage-length=0 -MT"src/frequencyScaling.o" -I../../freertos_bsp_3_1_1/ps7_cortexa9_0/include -MMD -MP -MF"src/frequencyScaling.d" -MT"src/frequencyScaling.d" -o "src/frequencyScaling.o" "../src/frequencyScaling.c"
'Finished building: ../src/frequencyScaling.c'
' '
'Building file: ../src/kiss_fft.c'
'Invoking: ARM gcc compiler'
arm-xilinx-eabi-gcc -Wall -O0 -g3 -c -fmessage-length=0 -MT"src/kiss_fft.o" -I../../freertos_bsp_3_1_1/ps7_cortexa9_0/include -MMD -MP -MF"src/kiss_fft.d" -MT"src/kiss_fft.d" -o "src/kiss_fft.o" "../src/kiss_fft.c"
'Finished building: ../src/kiss_fft.c'
' '
'Building file: ../src/kiss_fftr.c'
'Invoking: ARM gcc compiler'
arm-xilinx-eabi-gcc -Wall -O0 -g3 -c -fmessage-length=0 -MT"src/kiss_fftr.o" -I../../freertos_bsp_3_1_1/ps7_cortexa9_0/include -MMD -MP -MF"src/kiss_fftr.d" -MT"src/kiss_fftr.d" -o "src/kiss_fftr.o" "../src/kiss_fftr.c"
'Finished building: ../src/kiss_fftr.c'
' '
'Building file: ../src/main.c'
'Invoking: ARM gcc compiler'
arm-xilinx-eabi-gcc -Wall -O0 -g3 -c -fmessage-length=0 -MT"src/main.o" -I../../freertos_bsp_3_1_1/ps7_cortexa9_0/include -MMD -MP -MF"src/main.d" -MT"src/main.d" -o "src/main.o" "../src/main.c"
In file included from ../src/zedboard_freertos.h:16:0,
                 from ../src/bufferPool_d.h:23,
                 from ../src/audioPlayer.h:21,
                 from ../src/main.c:23:
../../freertos_bsp_3_1_1/ps7_cortexa9_0/include/xbasic_types.h:115:2: warning: #warning The xbasics_type.h file is deprecated and users should use xil_types.h and xil_assert. [-Wcpp]
 #warning  The xbasics_type.h file is deprecated and users should use xil_types.h and xil_assert.
  ^
../../freertos_bsp_3_1_1/ps7_cortexa9_0/include/xbasic_types.h:116:2: warning: #warning Please refer the Standalone BSP UG647 for further details [-Wcpp]
 #warning  Please refer the Standalone BSP UG647 for further details
  ^
'Finished building: ../src/main.c'
' '
'Building file: ../src/snd_sample.c'
'Invoking: ARM gcc compiler'
arm-xilinx-eabi-gcc -Wall -O0 -g3 -c -fmessage-length=0 -MT"src/snd_sample.o" -I../../freertos_bsp_3_1_1/ps7_cortexa9_0/include -MMD -MP -MF"src/snd_sample.d" -MT"src/snd_sample.d" -o "src/snd_sample.o" "../src/snd_sample.c"
'Finished building: ../src/snd_sample.c'
' '
make: *** No rule to make target `ipprof.o', needed by `RX_TX_loopback.elf'.  Stop.
17:07:49 **** Auto Build of configuration Debug for project RX_TX_loopback ****
make all 
'Building file: ../ipprof.c'
'Invoking: ARM gcc compiler'
arm-xilinx-eabi-gcc -Wall -O0 -g3 -c -fmessage-length=0 -MT"ipprof.o" -I../../freertos_bsp_3_1_1/ps7_cortexa9_0/include -MMD -MP -MF"ipprof.d" -MT"ipprof.d" -o "ipprof.o" "../ipprof.c"
'Finished building: ../ipprof.c'
' '
'Building target: RX_TX_loopback.elf'
'Invoking: ARM gcc linker'
arm-xilinx-eabi-gcc -Wl,-T -Wl,../src/lscript.ld -L../../freertos_bsp_3_1_1/ps7_cortexa9_0/lib -o "RX_TX_loopback.elf"  ./src/adau1761.o ./src/audioPlayer.o ./src/audioRxTx.o ./src/audioSample.o ./src/bufferPool_d.o ./src/chunk_d.o ./src/fprof.o ./src/frequencyScaling.o ./src/kiss_fft.o ./src/kiss_fftr.o ./src/main.o ./src/snd_sample.o  ./ipprof.o   -lm -Wl,--start-group,-lxil,-lfreertos,-lgcc,-lc,--end-group
'Finished building target: RX_TX_loopback.elf'
' '
'Invoking: ARM Print Size'
arm-xilinx-eabi-size RX_TX_loopback.elf  |tee "RX_TX_loopback.elf.size"
   text	   data	    bss	    dec	    hex	filename
 126320	1148896	 103868	1379084	 150b0c	RX_TX_loopback.elf
'Finished building: RX_TX_loopback.elf.size'
' '
17:07:57 **** Auto Build of configuration Debug for project RX_TX_loopback ****
make all 
'Building file: ../src/ipprof.c'
'Invoking: ARM gcc compiler'
arm-xilinx-eabi-gcc -Wall -O0 -g3 -c -fmessage-length=0 -MT"src/ipprof.o" -I../../freertos_bsp_3_1_1/ps7_cortexa9_0/include -MMD -MP -MF"src/ipprof.d" -MT"src/ipprof.d" -o "src/ipprof.o" "../src/ipprof.c"
'Finished building: ../src/ipprof.c'
' '
'Building target: RX_TX_loopback.elf'
'Invoking: ARM gcc linker'
arm-xilinx-eabi-gcc -Wl,-T -Wl,../src/lscript.ld -L../../freertos_bsp_3_1_1/ps7_cortexa9_0/lib -o "RX_TX_loopback.elf"  ./src/adau1761.o ./src/audioPlayer.o ./src/audioRxTx.o ./src/audioSample.o ./src/bufferPool_d.o ./src/chunk_d.o ./src/fprof.o ./src/frequencyScaling.o ./src/ipprof.o ./src/kiss_fft.o ./src/kiss_fftr.o ./src/main.o ./src/snd_sample.o  ./ipprof.o   -lm -Wl,--start-group,-lxil,-lfreertos,-lgcc,-lc,--end-group
'Finished building target: RX_TX_loopback.elf'
' '
'Invoking: ARM Print Size'
arm-xilinx-eabi-size RX_TX_loopback.elf  |tee "RX_TX_loopback.elf.size"
   text	   data	    bss	    dec	    hex	filename
 126320	1148896	 103868	1379084	 150b0c	RX_TX_loopback.elf
'Finished building: RX_TX_loopback.elf.size'
' '
17:08:15 **** Auto Build of configuration Debug for project RX_TX_loopback ****
make all 
'Building file: ../ipprof.c'
'Invoking: ARM gcc compiler'
arm-xilinx-eabi-gcc -Wall -O0 -g3 -c -fmessage-length=0 -MT"ipprof.o" -I../../freertos_bsp_3_1_1/ps7_cortexa9_0/include -MMD -MP -MF"ipprof.d" -MT"ipprof.d" -o "ipprof.o" "../ipprof.c"
../ipprof.c:9:20: fatal error: ipprof.h: No such file or directory
 #include "ipprof.h"
                    ^
compilation terminated.
make: *** [ipprof.o] Error 1
17:08:31 **** Auto Build of configuration Debug for project RX_TX_loopback ****
make all 
'Building file: ../src/ipprof.c'
'Invoking: ARM gcc compiler'
arm-xilinx-eabi-gcc -Wall -O0 -g3 -c -fmessage-length=0 -MT"src/ipprof.o" -I../../freertos_bsp_3_1_1/ps7_cortexa9_0/include -MMD -MP -MF"src/ipprof.d" -MT"src/ipprof.d" -o "src/ipprof.o" "../src/ipprof.c"
'Finished building: ../src/ipprof.c'
' '
'Building file: ../ipprof.c'
'Invoking: ARM gcc compiler'
arm-xilinx-eabi-gcc -Wall -O0 -g3 -c -fmessage-length=0 -MT"ipprof.o" -I../../freertos_bsp_3_1_1/ps7_cortexa9_0/include -MMD -MP -MF"ipprof.d" -MT"ipprof.d" -o "ipprof.o" "../ipprof.c"
../ipprof.c:9:20: fatal error: ipprof.h: No such file or directory
 #include "ipprof.h"
                    ^
compilation terminated.
make: *** [ipprof.o] Error 1
17:08:47 **** Auto Build of configuration Debug for project RX_TX_loopback ****
make all 
'Building file: ../ipprof.c'
'Invoking: ARM gcc compiler'
arm-xilinx-eabi-gcc -Wall -O0 -g3 -c -fmessage-length=0 -MT"ipprof.o" -I../../freertos_bsp_3_1_1/ps7_cortexa9_0/include -MMD -MP -MF"ipprof.d" -MT"ipprof.d" -o "ipprof.o" "../ipprof.c"
'Finished building: ../ipprof.c'
' '
'Building target: RX_TX_loopback.elf'
'Invoking: ARM gcc linker'
arm-xilinx-eabi-gcc -Wl,-T -Wl,../src/lscript.ld -L../../freertos_bsp_3_1_1/ps7_cortexa9_0/lib -o "RX_TX_loopback.elf"  ./src/adau1761.o ./src/audioPlayer.o ./src/audioRxTx.o ./src/audioSample.o ./src/bufferPool_d.o ./src/chunk_d.o ./src/fprof.o ./src/frequencyScaling.o ./src/ipprof.o ./src/kiss_fft.o ./src/kiss_fftr.o ./src/main.o ./src/snd_sample.o  ./ipprof.o   -lm -Wl,--start-group,-lxil,-lfreertos,-lgcc,-lc,--end-group
'Finished building target: RX_TX_loopback.elf'
' '
'Invoking: ARM Print Size'
arm-xilinx-eabi-size RX_TX_loopback.elf  |tee "RX_TX_loopback.elf.size"
   text	   data	    bss	    dec	    hex	filename
 126320	1148896	 103868	1379084	 150b0c	RX_TX_loopback.elf
'Finished building: RX_TX_loopback.elf.size'
' '
17:09:16 **** Clean-only build of configuration Debug for project RX_TX_loopback ****
make clean 
rm -rf  ./src/adau1761.o ./src/audioPlayer.o ./src/audioRxTx.o ./src/audioSample.o ./src/bufferPool_d.o ./src/chunk_d.o ./src/fprof.o ./src/frequencyScaling.o ./src/ipprof.o ./src/kiss_fft.o ./src/kiss_fftr.o ./src/main.o ./src/snd_sample.o  ./ipprof.o  ./src/adau1761.d ./src/audioPlayer.d ./src/audioRxTx.d ./src/audioSample.d ./src/bufferPool_d.d ./src/chunk_d.d ./src/fprof.d ./src/frequencyScaling.d ./src/ipprof.d ./src/kiss_fft.d ./src/kiss_fftr.d ./src/main.d ./src/snd_sample.d  ./ipprof.d  RX_TX_loopback.elf.size  RX_TX_loopback.elf
' '
17:09:16 **** Auto Build of configuration Debug for project RX_TX_loopback ****
make all 
'Building file: ../src/adau1761.c'
'Invoking: ARM gcc compiler'
arm-xilinx-eabi-gcc -Wall -O0 -g3 -c -fmessage-length=0 -MT"src/adau1761.o" -I../../freertos_bsp_3_1_1/ps7_cortexa9_0/include -MMD -MP -MF"src/adau1761.d" -MT"src/adau1761.d" -o "src/adau1761.o" "../src/adau1761.c"
In file included from ../src/zedboard_freertos.h:16:0,
                 from ../src/bufferPool_d.h:23,
                 from ../src/audioRxTx.h:20,
                 from ../src/adau1761.c:1:
../../freertos_bsp_3_1_1/ps7_cortexa9_0/include/xbasic_types.h:115:2: warning: #warning The xbasics_type.h file is deprecated and users should use xil_types.h and xil_assert. [-Wcpp]
 #warning  The xbasics_type.h file is deprecated and users should use xil_types.h and xil_assert.
  ^
../../freertos_bsp_3_1_1/ps7_cortexa9_0/include/xbasic_types.h:116:2: warning: #warning Please refer the Standalone BSP UG647 for further details [-Wcpp]
 #warning  Please refer the Standalone BSP UG647 for further details
  ^
'Finished building: ../src/adau1761.c'
' '
'Building file: ../src/audioPlayer.c'
'Invoking: ARM gcc compiler'
arm-xilinx-eabi-gcc -Wall -O0 -g3 -c -fmessage-length=0 -MT"src/audioPlayer.o" -I../../freertos_bsp_3_1_1/ps7_cortexa9_0/include -MMD -MP -MF"src/audioPlayer.d" -MT"src/audioPlayer.d" -o "src/audioPlayer.o" "../src/audioPlayer.c"
In file included from ../src/zedboard_freertos.h:16:0,
                 from ../src/bufferPool_d.h:23,
                 from ../src/audioPlayer.h:21,
                 from ../src/audioPlayer.c:19:
../../freertos_bsp_3_1_1/ps7_cortexa9_0/include/xbasic_types.h:115:2: warning: #warning The xbasics_type.h file is deprecated and users should use xil_types.h and xil_assert. [-Wcpp]
 #warning  The xbasics_type.h file is deprecated and users should use xil_types.h and xil_assert.
  ^
../../freertos_bsp_3_1_1/ps7_cortexa9_0/include/xbasic_types.h:116:2: warning: #warning Please refer the Standalone BSP UG647 for further details [-Wcpp]
 #warning  Please refer the Standalone BSP UG647 for further details
  ^
../src/audioPlayer.c: In function 'audioPlayer_init':
../src/audioPlayer.c:55:2: warning: implicit declaration of function 'Adau1761_Init' [-Wimplicit-function-declaration]
  Adau1761_Init(&pThis->codec);
  ^
In file included from ../src/zedboard_freertos.h:2:0,
                 from ../src/bufferPool_d.h:23,
                 from ../src/audioPlayer.h:21,
                 from ../src/audioPlayer.c:19:
../src/audioPlayer.c: In function 'audioPlayer_start':
../../freertos_bsp_3_1_1/ps7_cortexa9_0/include/task.h:345:134: warning: pointer targets in passing argument 2 of 'xTaskGenericCreate' differ in signedness [-Wpointer-sign]
 #define xTaskCreate( pvTaskCode, pcName, usStackDepth, pvParameters, uxPriority, pxCreatedTask ) xTaskGenericCreate( ( pvTaskCode ), ( pcName ), ( usStackDepth ), ( pvParameters ), ( uxPriority ), ( pxCreatedTask ), ( NULL ), ( NULL ) )
                                                                                                                                      ^
../src/audioPlayer.c:84:5: note: in expansion of macro 'xTaskCreate'
     xTaskCreate( gpio_task, ( signed char * ) "GPIO", configMINIMAL_STACK_SIZE, NULL, tskIDLE_PRIORITY + 1 , NULL );
     ^
../../freertos_bsp_3_1_1/ps7_cortexa9_0/include/task.h:1986:12: note: expected 'const char * const' but argument is of type 'signed char *'
 BaseType_t xTaskGenericCreate( TaskFunction_t pxTaskCode, const char * const pcName, const uint16_t usStackDepth, void * const pvParameters, UBaseType_t uxPriority, TaskHandle_t * const pxCreatedTask, StackType_t * const puxStackBuffer, const MemoryRegion_t * const xRegions ) PRIVILEGED_FUNCTION; /*lint !e971 Unqualified char types are allowed for strings and single characters only. */
            ^
../../freertos_bsp_3_1_1/ps7_cortexa9_0/include/task.h:345:134: warning: pointer targets in passing argument 2 of 'xTaskGenericCreate' differ in signedness [-Wpointer-sign]
 #define xTaskCreate( pvTaskCode, pcName, usStackDepth, pvParameters, uxPriority, pxCreatedTask ) xTaskGenericCreate( ( pvTaskCode ), ( pcName ), ( usStackDepth ), ( pvParameters ), ( uxPriority ), ( pxCreatedTask ), ( NULL ), ( NULL ) )
                                                                                                                                      ^
../src/audioPlayer.c:87:5: note: in expansion of macro 'xTaskCreate'
     xTaskCreate( display_task, ( signed char * ) "DISPLAY", configMINIMAL_STACK_SIZE, NULL, tskIDLE_PRIORITY + 1 , NULL );
     ^
../../freertos_bsp_3_1_1/ps7_cortexa9_0/include/task.h:1986:12: note: expected 'const char * const' but argument is of type 'signed char *'
 BaseType_t xTaskGenericCreate( TaskFunction_t pxTaskCode, const char * const pcName, const uint16_t usStackDepth, void * const pvParameters, UBaseType_t uxPriority, TaskHandle_t * const pxCreatedTask, StackType_t * const puxStackBuffer, const MemoryRegion_t * const xRegions ) PRIVILEGED_FUNCTION; /*lint !e971 Unqualified char types are allowed for strings and single characters only. */
            ^
../../freertos_bsp_3_1_1/ps7_cortexa9_0/include/task.h:345:134: warning: pointer targets in passing argument 2 of 'xTaskGenericCreate' differ in signedness [-Wpointer-sign]
 #define xTaskCreate( pvTaskCode, pcName, usStackDepth, pvParameters, uxPriority, pxCreatedTask ) xTaskGenericCreate( ( pvTaskCode ), ( pcName ), ( usStackDepth ), ( pvParameters ), ( uxPriority ), ( pxCreatedTask ), ( NULL ), ( NULL ) )
                                                                                                                                      ^
../src/audioPlayer.c:90:2: note: in expansion of macro 'xTaskCreate'
  xTaskCreate( audioPlayer_task, ( signed char * ) "PLAYER", configMINIMAL_STACK_SIZE<<4, pThis, tskIDLE_PRIORITY + 1 , NULL );
  ^
../../freertos_bsp_3_1_1/ps7_cortexa9_0/include/task.h:1986:12: note: expected 'const char * const' but argument is of type 'signed char *'
 BaseType_t xTaskGenericCreate( TaskFunction_t pxTaskCode, const char * const pcName, const uint16_t usStackDepth, void * const pvParameters, UBaseType_t uxPriority, TaskHandle_t * const pxCreatedTask, StackType_t * const puxStackBuffer, const MemoryRegion_t * const xRegions ) PRIVILEGED_FUNCTION; /*lint !e971 Unqualified char types are allowed for strings and single characters only. */
            ^
'Finished building: ../src/audioPlayer.c'
' '
'Building file: ../src/audioRxTx.c'
'Invoking: ARM gcc compiler'
arm-xilinx-eabi-gcc -Wall -O0 -g3 -c -fmessage-length=0 -MT"src/audioRxTx.o" -I../../freertos_bsp_3_1_1/ps7_cortexa9_0/include -MMD -MP -MF"src/audioRxTx.d" -MT"src/audioRxTx.d" -o "src/audioRxTx.o" "../src/audioRxTx.c"
In file included from ../src/zedboard_freertos.h:16:0,
                 from ../src/bufferPool_d.h:23,
                 from ../src/audioRxTx.h:20,
                 from ../src/audioRxTx.c:18:
../../freertos_bsp_3_1_1/ps7_cortexa9_0/include/xbasic_types.h:115:2: warning: #warning The xbasics_type.h file is deprecated and users should use xil_types.h and xil_assert. [-Wcpp]
 #warning  The xbasics_type.h file is deprecated and users should use xil_types.h and xil_assert.
  ^
../../freertos_bsp_3_1_1/ps7_cortexa9_0/include/xbasic_types.h:116:2: warning: #warning Please refer the Standalone BSP UG647 for further details [-Wcpp]
 #warning  Please refer the Standalone BSP UG647 for further details
  ^
'Finished building: ../src/audioRxTx.c'
' '
'Building file: ../src/audioSample.c'
'Invoking: ARM gcc compiler'
arm-xilinx-eabi-gcc -Wall -O0 -g3 -c -fmessage-length=0 -MT"src/audioSample.o" -I../../freertos_bsp_3_1_1/ps7_cortexa9_0/include -MMD -MP -MF"src/audioSample.d" -MT"src/audioSample.d" -o "src/audioSample.o" "../src/audioSample.c"
../src/audioSample.c: In function 'audioSample_init':
../src/audioSample.c:31:17: warning: assignment from incompatible pointer type
   pThis->pmem   = snd_samples;
                 ^
'Finished building: ../src/audioSample.c'
' '
'Building file: ../src/bufferPool_d.c'
'Invoking: ARM gcc compiler'
arm-xilinx-eabi-gcc -Wall -O0 -g3 -c -fmessage-length=0 -MT"src/bufferPool_d.o" -I../../freertos_bsp_3_1_1/ps7_cortexa9_0/include -MMD -MP -MF"src/bufferPool_d.d" -MT"src/bufferPool_d.d" -o "src/bufferPool_d.o" "../src/bufferPool_d.c"
In file included from ../src/zedboard_freertos.h:16:0,
                 from ../src/bufferPool_d.h:23,
                 from ../src/bufferPool_d.c:17:
../../freertos_bsp_3_1_1/ps7_cortexa9_0/include/xbasic_types.h:115:2: warning: #warning The xbasics_type.h file is deprecated and users should use xil_types.h and xil_assert. [-Wcpp]
 #warning  The xbasics_type.h file is deprecated and users should use xil_types.h and xil_assert.
  ^
../../freertos_bsp_3_1_1/ps7_cortexa9_0/include/xbasic_types.h:116:2: warning: #warning Please refer the Standalone BSP UG647 for further details [-Wcpp]
 #warning  Please refer the Standalone BSP UG647 for further details
  ^
In file included from ../src/zedboard_freertos.h:3:0,
                 from ../src/bufferPool_d.h:23,
                 from ../src/bufferPool_d.c:17:
../src/bufferPool_d.c: In function 'bufferPool_d_init':
../../freertos_bsp_3_1_1/ps7_cortexa9_0/include/queue.h:421:109: warning: passing argument 3 of 'xQueueGenericSend' makes integer from pointer without a cast
 #define xQueueSend( xQueue, pvItemToQueue, xTicksToWait ) xQueueGenericSend( ( xQueue ), ( pvItemToQueue ), ( xTicksToWait ), queueSEND_TO_BACK )
                                                                                                             ^
../src/bufferPool_d.c:64:6: note: in expansion of macro 'xQueueSend'
   if(xQueueSend( pThis->freeList, &pChunk, NULL ) != pdPASS) {
      ^
../../freertos_bsp_3_1_1/ps7_cortexa9_0/include/queue.h:592:12: note: expected 'TickType_t' but argument is of type 'void *'
 BaseType_t xQueueGenericSend( QueueHandle_t xQueue, const void * const pvItemToQueue, TickType_t xTicksToWait, const BaseType_t xCopyPosition ) PRIVILEGED_FUNCTION;
            ^
../src/bufferPool_d.c: In function 'bufferPool_d_release_from_ISR':
../../freertos_bsp_3_1_1/ps7_cortexa9_0/include/queue.h:1261:136: warning: passing argument 3 of 'xQueueGenericSendFromISR' makes pointer from integer without a cast
 #define xQueueSendFromISR( xQueue, pvItemToQueue, pxHigherPriorityTaskWoken ) xQueueGenericSendFromISR( ( xQueue ), ( pvItemToQueue ), ( pxHigherPriorityTaskWoken ), queueSEND_TO_BACK )
                                                                                                                                        ^
../src/bufferPool_d.c:161:5: note: in expansion of macro 'xQueueSendFromISR'
  if(xQueueSendFromISR( pThis->freeList, &pChunk, ( TickType_t ) 10 ) != pdPASS) {
     ^
../../freertos_bsp_3_1_1/ps7_cortexa9_0/include/queue.h:1340:12: note: expected 'BaseType_t * const' but argument is of type 'long unsigned int'
 BaseType_t xQueueGenericSendFromISR( QueueHandle_t xQueue, const void * const pvItemToQueue, BaseType_t * const pxHigherPriorityTaskWoken, const BaseType_t xCopyPosition ) PRIVILEGED_FUNCTION;
            ^
'Finished building: ../src/bufferPool_d.c'
' '
'Building file: ../src/chunk_d.c'
'Invoking: ARM gcc compiler'
arm-xilinx-eabi-gcc -Wall -O0 -g3 -c -fmessage-length=0 -MT"src/chunk_d.o" -I../../freertos_bsp_3_1_1/ps7_cortexa9_0/include -MMD -MP -MF"src/chunk_d.d" -MT"src/chunk_d.d" -o "src/chunk_d.o" "../src/chunk_d.c"
'Finished building: ../src/chunk_d.c'
' '
'Building file: ../src/fprof.c'
'Invoking: ARM gcc compiler'
arm-xilinx-eabi-gcc -Wall -O0 -g3 -c -fmessage-length=0 -MT"src/fprof.o" -I../../freertos_bsp_3_1_1/ps7_cortexa9_0/include -MMD -MP -MF"src/fprof.d" -MT"src/fprof.d" -o "src/fprof.o" "../src/fprof.c"
'Finished building: ../src/fprof.c'
' '
'Building file: ../src/frequencyScaling.c'
'Invoking: ARM gcc compiler'
arm-xilinx-eabi-gcc -Wall -O0 -g3 -c -fmessage-length=0 -MT"src/frequencyScaling.o" -I../../freertos_bsp_3_1_1/ps7_cortexa9_0/include -MMD -MP -MF"src/frequencyScaling.d" -MT"src/frequencyScaling.d" -o "src/frequencyScaling.o" "../src/frequencyScaling.c"
'Finished building: ../src/frequencyScaling.c'
' '
'Building file: ../src/ipprof.c'
'Invoking: ARM gcc compiler'
arm-xilinx-eabi-gcc -Wall -O0 -g3 -c -fmessage-length=0 -MT"src/ipprof.o" -I../../freertos_bsp_3_1_1/ps7_cortexa9_0/include -MMD -MP -MF"src/ipprof.d" -MT"src/ipprof.d" -o "src/ipprof.o" "../src/ipprof.c"
'Finished building: ../src/ipprof.c'
' '
'Building file: ../src/kiss_fft.c'
'Invoking: ARM gcc compiler'
arm-xilinx-eabi-gcc -Wall -O0 -g3 -c -fmessage-length=0 -MT"src/kiss_fft.o" -I../../freertos_bsp_3_1_1/ps7_cortexa9_0/include -MMD -MP -MF"src/kiss_fft.d" -MT"src/kiss_fft.d" -o "src/kiss_fft.o" "../src/kiss_fft.c"
'Finished building: ../src/kiss_fft.c'
' '
'Building file: ../src/kiss_fftr.c'
'Invoking: ARM gcc compiler'
arm-xilinx-eabi-gcc -Wall -O0 -g3 -c -fmessage-length=0 -MT"src/kiss_fftr.o" -I../../freertos_bsp_3_1_1/ps7_cortexa9_0/include -MMD -MP -MF"src/kiss_fftr.d" -MT"src/kiss_fftr.d" -o "src/kiss_fftr.o" "../src/kiss_fftr.c"
'Finished building: ../src/kiss_fftr.c'
' '
'Building file: ../src/main.c'
'Invoking: ARM gcc compiler'
arm-xilinx-eabi-gcc -Wall -O0 -g3 -c -fmessage-length=0 -MT"src/main.o" -I../../freertos_bsp_3_1_1/ps7_cortexa9_0/include -MMD -MP -MF"src/main.d" -MT"src/main.d" -o "src/main.o" "../src/main.c"
In file included from ../src/zedboard_freertos.h:16:0,
                 from ../src/bufferPool_d.h:23,
                 from ../src/audioPlayer.h:21,
                 from ../src/main.c:23:
../../freertos_bsp_3_1_1/ps7_cortexa9_0/include/xbasic_types.h:115:2: warning: #warning The xbasics_type.h file is deprecated and users should use xil_types.h and xil_assert. [-Wcpp]
 #warning  The xbasics_type.h file is deprecated and users should use xil_types.h and xil_assert.
  ^
../../freertos_bsp_3_1_1/ps7_cortexa9_0/include/xbasic_types.h:116:2: warning: #warning Please refer the Standalone BSP UG647 for further details [-Wcpp]
 #warning  Please refer the Standalone BSP UG647 for further details
  ^
'Finished building: ../src/main.c'
' '
'Building file: ../src/snd_sample.c'
'Invoking: ARM gcc compiler'
arm-xilinx-eabi-gcc -Wall -O0 -g3 -c -fmessage-length=0 -MT"src/snd_sample.o" -I../../freertos_bsp_3_1_1/ps7_cortexa9_0/include -MMD -MP -MF"src/snd_sample.d" -MT"src/snd_sample.d" -o "src/snd_sample.o" "../src/snd_sample.c"
'Finished building: ../src/snd_sample.c'
' '
make: *** No rule to make target `ipprof.o', needed by `RX_TX_loopback.elf'.  Stop.
17:09:30 **** Auto Build of configuration Debug for project RX_TX_loopback ****
make all 
'Building file: ../ipprof.c'
'Invoking: ARM gcc compiler'
arm-xilinx-eabi-gcc -Wall -O0 -g3 -c -fmessage-length=0 -MT"ipprof.o" -I../../freertos_bsp_3_1_1/ps7_cortexa9_0/include -MMD -MP -MF"ipprof.d" -MT"ipprof.d" -o "ipprof.o" "../ipprof.c"
'Finished building: ../ipprof.c'
' '
'Building target: RX_TX_loopback.elf'
'Invoking: ARM gcc linker'
arm-xilinx-eabi-gcc -Wl,-T -Wl,../src/lscript.ld -L../../freertos_bsp_3_1_1/ps7_cortexa9_0/lib -o "RX_TX_loopback.elf"  ./src/adau1761.o ./src/audioPlayer.o ./src/audioRxTx.o ./src/audioSample.o ./src/bufferPool_d.o ./src/chunk_d.o ./src/fprof.o ./src/frequencyScaling.o ./src/ipprof.o ./src/kiss_fft.o ./src/kiss_fftr.o ./src/main.o ./src/snd_sample.o  ./ipprof.o   -lm -Wl,--start-group,-lxil,-lfreertos,-lgcc,-lc,--end-group
'Finished building target: RX_TX_loopback.elf'
' '
'Invoking: ARM Print Size'
arm-xilinx-eabi-size RX_TX_loopback.elf  |tee "RX_TX_loopback.elf.size"
   text	   data	    bss	    dec	    hex	filename
 126320	1148896	 103868	1379084	 150b0c	RX_TX_loopback.elf
'Finished building: RX_TX_loopback.elf.size'
' '
17:10:18 **** Auto Build of configuration Debug for project RX_TX_loopback ****
make all 
'Building file: ../src/audioRxTx.c'
'Invoking: ARM gcc compiler'
arm-xilinx-eabi-gcc -Wall -O0 -g3 -c -fmessage-length=0 -MT"src/audioRxTx.o" -I../../freertos_bsp_3_1_1/ps7_cortexa9_0/include -MMD -MP -MF"src/audioRxTx.d" -MT"src/audioRxTx.d" -o "src/audioRxTx.o" "../src/audioRxTx.c"
In file included from ../src/zedboard_freertos.h:16:0,
                 from ../src/bufferPool_d.h:23,
                 from ../src/audioRxTx.h:20,
                 from ../src/audioRxTx.c:18:
../../freertos_bsp_3_1_1/ps7_cortexa9_0/include/xbasic_types.h:115:2: warning: #warning The xbasics_type.h file is deprecated and users should use xil_types.h and xil_assert. [-Wcpp]
 #warning  The xbasics_type.h file is deprecated and users should use xil_types.h and xil_assert.
  ^
../../freertos_bsp_3_1_1/ps7_cortexa9_0/include/xbasic_types.h:116:2: warning: #warning Please refer the Standalone BSP UG647 for further details [-Wcpp]
 #warning  Please refer the Standalone BSP UG647 for further details
  ^
'Finished building: ../src/audioRxTx.c'
' '
'Building file: ../src/ipprof.c'
'Invoking: ARM gcc compiler'
arm-xilinx-eabi-gcc -Wall -O0 -g3 -c -fmessage-length=0 -MT"src/ipprof.o" -I../../freertos_bsp_3_1_1/ps7_cortexa9_0/include -MMD -MP -MF"src/ipprof.d" -MT"src/ipprof.d" -o "src/ipprof.o" "../src/ipprof.c"
'Finished building: ../src/ipprof.c'
' '
'Building target: RX_TX_loopback.elf'
'Invoking: ARM gcc linker'
arm-xilinx-eabi-gcc -Wl,-T -Wl,../src/lscript.ld -L../../freertos_bsp_3_1_1/ps7_cortexa9_0/lib -o "RX_TX_loopback.elf"  ./src/adau1761.o ./src/audioPlayer.o ./src/audioRxTx.o ./src/audioSample.o ./src/bufferPool_d.o ./src/chunk_d.o ./src/fprof.o ./src/frequencyScaling.o ./src/ipprof.o ./src/kiss_fft.o ./src/kiss_fftr.o ./src/main.o ./src/snd_sample.o  ./ipprof.o   -lm -Wl,--start-group,-lxil,-lfreertos,-lgcc,-lc,--end-group
'Finished building target: RX_TX_loopback.elf'
' '
'Invoking: ARM Print Size'
arm-xilinx-eabi-size RX_TX_loopback.elf  |tee "RX_TX_loopback.elf.size"
   text	   data	    bss	    dec	    hex	filename
 126320	1148896	 103868	1379084	 150b0c	RX_TX_loopback.elf
'Finished building: RX_TX_loopback.elf.size'
' '
17:10:21 **** Auto Build of configuration Debug for project RX_TX_loopback ****
make all 
'Building file: ../src/audioRxTx.c'
'Invoking: ARM gcc compiler'
arm-xilinx-eabi-gcc -Wall -O0 -g3 -c -fmessage-length=0 -MT"src/audioRxTx.o" -I../../freertos_bsp_3_1_1/ps7_cortexa9_0/include -MMD -MP -MF"src/audioRxTx.d" -MT"src/audioRxTx.d" -o "src/audioRxTx.o" "../src/audioRxTx.c"
In file included from ../src/zedboard_freertos.h:16:0,
                 from ../src/bufferPool_d.h:23,
                 from ../src/audioRxTx.h:20,
                 from ../src/audioRxTx.c:18:
../../freertos_bsp_3_1_1/ps7_cortexa9_0/include/xbasic_types.h:115:2: warning: #warning The xbasics_type.h file is deprecated and users should use xil_types.h and xil_assert. [-Wcpp]
 #warning  The xbasics_type.h file is deprecated and users should use xil_types.h and xil_assert.
  ^
../../freertos_bsp_3_1_1/ps7_cortexa9_0/include/xbasic_types.h:116:2: warning: #warning Please refer the Standalone BSP UG647 for further details [-Wcpp]
 #warning  Please refer the Standalone BSP UG647 for further details
  ^
'Finished building: ../src/audioRxTx.c'
' '
'Building file: ../src/ipprof.c'
'Invoking: ARM gcc compiler'
arm-xilinx-eabi-gcc -Wall -O0 -g3 -c -fmessage-length=0 -MT"src/ipprof.o" -I../../freertos_bsp_3_1_1/ps7_cortexa9_0/include -MMD -MP -MF"src/ipprof.d" -MT"src/ipprof.d" -o "src/ipprof.o" "../src/ipprof.c"
'Finished building: ../src/ipprof.c'
' '
'Building target: RX_TX_loopback.elf'
'Invoking: ARM gcc linker'
arm-xilinx-eabi-gcc -Wl,-T -Wl,../src/lscript.ld -L../../freertos_bsp_3_1_1/ps7_cortexa9_0/lib -o "RX_TX_loopback.elf"  ./src/adau1761.o ./src/audioPlayer.o ./src/audioRxTx.o ./src/audioSample.o ./src/bufferPool_d.o ./src/chunk_d.o ./src/fprof.o ./src/frequencyScaling.o ./src/ipprof.o ./src/kiss_fft.o ./src/kiss_fftr.o ./src/main.o ./src/snd_sample.o  ./ipprof.o   -lm -Wl,--start-group,-lxil,-lfreertos,-lgcc,-lc,--end-group
'Finished building target: RX_TX_loopback.elf'
' '
'Invoking: ARM Print Size'
arm-xilinx-eabi-size RX_TX_loopback.elf  |tee "RX_TX_loopback.elf.size"
   text	   data	    bss	    dec	    hex	filename
 126320	1148896	 103868	1379084	 150b0c	RX_TX_loopback.elf
'Finished building: RX_TX_loopback.elf.size'
' '
17:10:26 **** Auto Build of configuration Debug for project RX_TX_loopback ****
make all 
'Building file: ../src/audioRxTx.c'
'Invoking: ARM gcc compiler'
arm-xilinx-eabi-gcc -Wall -O0 -g3 -c -fmessage-length=0 -MT"src/audioRxTx.o" -I../../freertos_bsp_3_1_1/ps7_cortexa9_0/include -MMD -MP -MF"src/audioRxTx.d" -MT"src/audioRxTx.d" -o "src/audioRxTx.o" "../src/audioRxTx.c"
In file included from ../src/zedboard_freertos.h:16:0,
                 from ../src/bufferPool_d.h:23,
                 from ../src/audioRxTx.h:20,
                 from ../src/audioRxTx.c:18:
../../freertos_bsp_3_1_1/ps7_cortexa9_0/include/xbasic_types.h:115:2: warning: #warning The xbasics_type.h file is deprecated and users should use xil_types.h and xil_assert. [-Wcpp]
 #warning  The xbasics_type.h file is deprecated and users should use xil_types.h and xil_assert.
  ^
../../freertos_bsp_3_1_1/ps7_cortexa9_0/include/xbasic_types.h:116:2: warning: #warning Please refer the Standalone BSP UG647 for further details [-Wcpp]
 #warning  Please refer the Standalone BSP UG647 for further details
  ^
'Finished building: ../src/audioRxTx.c'
' '
'Building file: ../src/ipprof.c'
'Invoking: ARM gcc compiler'
arm-xilinx-eabi-gcc -Wall -O0 -g3 -c -fmessage-length=0 -MT"src/ipprof.o" -I../../freertos_bsp_3_1_1/ps7_cortexa9_0/include -MMD -MP -MF"src/ipprof.d" -MT"src/ipprof.d" -o "src/ipprof.o" "../src/ipprof.c"
'Finished building: ../src/ipprof.c'
' '
'Building target: RX_TX_loopback.elf'
'Invoking: ARM gcc linker'
arm-xilinx-eabi-gcc -Wl,-T -Wl,../src/lscript.ld -L../../freertos_bsp_3_1_1/ps7_cortexa9_0/lib -o "RX_TX_loopback.elf"  ./src/adau1761.o ./src/audioPlayer.o ./src/audioRxTx.o ./src/audioSample.o ./src/bufferPool_d.o ./src/chunk_d.o ./src/fprof.o ./src/frequencyScaling.o ./src/ipprof.o ./src/kiss_fft.o ./src/kiss_fftr.o ./src/main.o ./src/snd_sample.o  ./ipprof.o   -lm -Wl,--start-group,-lxil,-lfreertos,-lgcc,-lc,--end-group
'Finished building target: RX_TX_loopback.elf'
' '
'Invoking: ARM Print Size'
arm-xilinx-eabi-size RX_TX_loopback.elf  |tee "RX_TX_loopback.elf.size"
   text	   data	    bss	    dec	    hex	filename
 126320	1148896	 103868	1379084	 150b0c	RX_TX_loopback.elf
'Finished building: RX_TX_loopback.elf.size'
' '
17:10:58 **** Auto Build of configuration Debug for project RX_TX_loopback ****
make all 
'Building file: ../src/audioRxTx.c'
'Invoking: ARM gcc compiler'
arm-xilinx-eabi-gcc -Wall -O0 -g3 -c -fmessage-length=0 -MT"src/audioRxTx.o" -I../../freertos_bsp_3_1_1/ps7_cortexa9_0/include -MMD -MP -MF"src/audioRxTx.d" -MT"src/audioRxTx.d" -o "src/audioRxTx.o" "../src/audioRxTx.c"
In file included from ../src/zedboard_freertos.h:16:0,
                 from ../src/bufferPool_d.h:23,
                 from ../src/audioRxTx.h:20,
                 from ../src/audioRxTx.c:18:
../../freertos_bsp_3_1_1/ps7_cortexa9_0/include/xbasic_types.h:115:2: warning: #warning The xbasics_type.h file is deprecated and users should use xil_types.h and xil_assert. [-Wcpp]
 #warning  The xbasics_type.h file is deprecated and users should use xil_types.h and xil_assert.
  ^
../../freertos_bsp_3_1_1/ps7_cortexa9_0/include/xbasic_types.h:116:2: warning: #warning Please refer the Standalone BSP UG647 for further details [-Wcpp]
 #warning  Please refer the Standalone BSP UG647 for further details
  ^
'Finished building: ../src/audioRxTx.c'
' '
'Building file: ../src/ipprof.c'
'Invoking: ARM gcc compiler'
arm-xilinx-eabi-gcc -Wall -O0 -g3 -c -fmessage-length=0 -MT"src/ipprof.o" -I../../freertos_bsp_3_1_1/ps7_cortexa9_0/include -MMD -MP -MF"src/ipprof.d" -MT"src/ipprof.d" -o "src/ipprof.o" "../src/ipprof.c"
'Finished building: ../src/ipprof.c'
' '
'Building target: RX_TX_loopback.elf'
'Invoking: ARM gcc linker'
arm-xilinx-eabi-gcc -Wl,-T -Wl,../src/lscript.ld -L../../freertos_bsp_3_1_1/ps7_cortexa9_0/lib -o "RX_TX_loopback.elf"  ./src/adau1761.o ./src/audioPlayer.o ./src/audioRxTx.o ./src/audioSample.o ./src/bufferPool_d.o ./src/chunk_d.o ./src/fprof.o ./src/frequencyScaling.o ./src/ipprof.o ./src/kiss_fft.o ./src/kiss_fftr.o ./src/main.o ./src/snd_sample.o  ./ipprof.o   -lm -Wl,--start-group,-lxil,-lfreertos,-lgcc,-lc,--end-group
'Finished building target: RX_TX_loopback.elf'
' '
'Invoking: ARM Print Size'
arm-xilinx-eabi-size RX_TX_loopback.elf  |tee "RX_TX_loopback.elf.size"
   text	   data	    bss	    dec	    hex	filename
 126320	1148896	 103868	1379084	 150b0c	RX_TX_loopback.elf
'Finished building: RX_TX_loopback.elf.size'
' '
17:11:07 **** Auto Build of configuration Debug for project RX_TX_loopback ****
make all 
'Building file: ../src/audioRxTx.c'
'Invoking: ARM gcc compiler'
arm-xilinx-eabi-gcc -Wall -O0 -g3 -c -fmessage-length=0 -MT"src/audioRxTx.o" -I../../freertos_bsp_3_1_1/ps7_cortexa9_0/include -MMD -MP -MF"src/audioRxTx.d" -MT"src/audioRxTx.d" -o "src/audioRxTx.o" "../src/audioRxTx.c"
In file included from ../src/zedboard_freertos.h:16:0,
                 from ../src/bufferPool_d.h:23,
                 from ../src/audioRxTx.h:20,
                 from ../src/audioRxTx.c:18:
../../freertos_bsp_3_1_1/ps7_cortexa9_0/include/xbasic_types.h:115:2: warning: #warning The xbasics_type.h file is deprecated and users should use xil_types.h and xil_assert. [-Wcpp]
 #warning  The xbasics_type.h file is deprecated and users should use xil_types.h and xil_assert.
  ^
../../freertos_bsp_3_1_1/ps7_cortexa9_0/include/xbasic_types.h:116:2: warning: #warning Please refer the Standalone BSP UG647 for further details [-Wcpp]
 #warning  Please refer the Standalone BSP UG647 for further details
  ^
'Finished building: ../src/audioRxTx.c'
' '
'Building file: ../src/ipprof.c'
'Invoking: ARM gcc compiler'
arm-xilinx-eabi-gcc -Wall -O0 -g3 -c -fmessage-length=0 -MT"src/ipprof.o" -I../../freertos_bsp_3_1_1/ps7_cortexa9_0/include -MMD -MP -MF"src/ipprof.d" -MT"src/ipprof.d" -o "src/ipprof.o" "../src/ipprof.c"
'Finished building: ../src/ipprof.c'
' '
'Building target: RX_TX_loopback.elf'
'Invoking: ARM gcc linker'
arm-xilinx-eabi-gcc -Wl,-T -Wl,../src/lscript.ld -L../../freertos_bsp_3_1_1/ps7_cortexa9_0/lib -o "RX_TX_loopback.elf"  ./src/adau1761.o ./src/audioPlayer.o ./src/audioRxTx.o ./src/audioSample.o ./src/bufferPool_d.o ./src/chunk_d.o ./src/fprof.o ./src/frequencyScaling.o ./src/ipprof.o ./src/kiss_fft.o ./src/kiss_fftr.o ./src/main.o ./src/snd_sample.o  ./ipprof.o   -lm -Wl,--start-group,-lxil,-lfreertos,-lgcc,-lc,--end-group
'Finished building target: RX_TX_loopback.elf'
' '
'Invoking: ARM Print Size'
arm-xilinx-eabi-size RX_TX_loopback.elf  |tee "RX_TX_loopback.elf.size"
   text	   data	    bss	    dec	    hex	filename
 126320	1148896	 103868	1379084	 150b0c	RX_TX_loopback.elf
'Finished building: RX_TX_loopback.elf.size'
' '
17:11:10 **** Auto Build of configuration Debug for project RX_TX_loopback ****
make all 
'Building file: ../src/audioRxTx.c'
'Invoking: ARM gcc compiler'
arm-xilinx-eabi-gcc -Wall -O0 -g3 -c -fmessage-length=0 -MT"src/audioRxTx.o" -I../../freertos_bsp_3_1_1/ps7_cortexa9_0/include -MMD -MP -MF"src/audioRxTx.d" -MT"src/audioRxTx.d" -o "src/audioRxTx.o" "../src/audioRxTx.c"
In file included from ../src/zedboard_freertos.h:16:0,
                 from ../src/bufferPool_d.h:23,
                 from ../src/audioRxTx.h:20,
                 from ../src/audioRxTx.c:18:
../../freertos_bsp_3_1_1/ps7_cortexa9_0/include/xbasic_types.h:115:2: warning: #warning The xbasics_type.h file is deprecated and users should use xil_types.h and xil_assert. [-Wcpp]
 #warning  The xbasics_type.h file is deprecated and users should use xil_types.h and xil_assert.
  ^
../../freertos_bsp_3_1_1/ps7_cortexa9_0/include/xbasic_types.h:116:2: warning: #warning Please refer the Standalone BSP UG647 for further details [-Wcpp]
 #warning  Please refer the Standalone BSP UG647 for further details
  ^
'Finished building: ../src/audioRxTx.c'
' '
'Building file: ../src/ipprof.c'
'Invoking: ARM gcc compiler'
arm-xilinx-eabi-gcc -Wall -O0 -g3 -c -fmessage-length=0 -MT"src/ipprof.o" -I../../freertos_bsp_3_1_1/ps7_cortexa9_0/include -MMD -MP -MF"src/ipprof.d" -MT"src/ipprof.d" -o "src/ipprof.o" "../src/ipprof.c"
'Finished building: ../src/ipprof.c'
' '
'Building target: RX_TX_loopback.elf'
'Invoking: ARM gcc linker'
arm-xilinx-eabi-gcc -Wl,-T -Wl,../src/lscript.ld -L../../freertos_bsp_3_1_1/ps7_cortexa9_0/lib -o "RX_TX_loopback.elf"  ./src/adau1761.o ./src/audioPlayer.o ./src/audioRxTx.o ./src/audioSample.o ./src/bufferPool_d.o ./src/chunk_d.o ./src/fprof.o ./src/frequencyScaling.o ./src/ipprof.o ./src/kiss_fft.o ./src/kiss_fftr.o ./src/main.o ./src/snd_sample.o  ./ipprof.o   -lm -Wl,--start-group,-lxil,-lfreertos,-lgcc,-lc,--end-group
'Finished building target: RX_TX_loopback.elf'
' '
'Invoking: ARM Print Size'
arm-xilinx-eabi-size RX_TX_loopback.elf  |tee "RX_TX_loopback.elf.size"
   text	   data	    bss	    dec	    hex	filename
 126320	1148896	 103868	1379084	 150b0c	RX_TX_loopback.elf
'Finished building: RX_TX_loopback.elf.size'
' '
17:11:33 **** Auto Build of configuration Debug for project RX_TX_loopback ****
make all 
'Building file: ../src/audioRxTx.c'
'Invoking: ARM gcc compiler'
arm-xilinx-eabi-gcc -Wall -O0 -g3 -c -fmessage-length=0 -MT"src/audioRxTx.o" -I../../freertos_bsp_3_1_1/ps7_cortexa9_0/include -MMD -MP -MF"src/audioRxTx.d" -MT"src/audioRxTx.d" -o "src/audioRxTx.o" "../src/audioRxTx.c"
In file included from ../src/zedboard_freertos.h:16:0,
                 from ../src/bufferPool_d.h:23,
                 from ../src/audioRxTx.h:20,
                 from ../src/audioRxTx.c:18:
../../freertos_bsp_3_1_1/ps7_cortexa9_0/include/xbasic_types.h:115:2: warning: #warning The xbasics_type.h file is deprecated and users should use xil_types.h and xil_assert. [-Wcpp]
 #warning  The xbasics_type.h file is deprecated and users should use xil_types.h and xil_assert.
  ^
../../freertos_bsp_3_1_1/ps7_cortexa9_0/include/xbasic_types.h:116:2: warning: #warning Please refer the Standalone BSP UG647 for further details [-Wcpp]
 #warning  Please refer the Standalone BSP UG647 for further details
  ^
'Finished building: ../src/audioRxTx.c'
' '
'Building file: ../src/ipprof.c'
'Invoking: ARM gcc compiler'
arm-xilinx-eabi-gcc -Wall -O0 -g3 -c -fmessage-length=0 -MT"src/ipprof.o" -I../../freertos_bsp_3_1_1/ps7_cortexa9_0/include -MMD -MP -MF"src/ipprof.d" -MT"src/ipprof.d" -o "src/ipprof.o" "../src/ipprof.c"
'Finished building: ../src/ipprof.c'
' '
'Building target: RX_TX_loopback.elf'
'Invoking: ARM gcc linker'
arm-xilinx-eabi-gcc -Wl,-T -Wl,../src/lscript.ld -L../../freertos_bsp_3_1_1/ps7_cortexa9_0/lib -o "RX_TX_loopback.elf"  ./src/adau1761.o ./src/audioPlayer.o ./src/audioRxTx.o ./src/audioSample.o ./src/bufferPool_d.o ./src/chunk_d.o ./src/fprof.o ./src/frequencyScaling.o ./src/ipprof.o ./src/kiss_fft.o ./src/kiss_fftr.o ./src/main.o ./src/snd_sample.o  ./ipprof.o   -lm -Wl,--start-group,-lxil,-lfreertos,-lgcc,-lc,--end-group
./src/ipprof.o: In function `ipprof_getBands':
C:\opt\jaffe_lu\ZedBoardAudioEqualizer\ZedBoard_FreeRTOS_Audio_Loopback_V1_0_1\RX_TX_loopback\Debug/../src/ipprof.h:25: multiple definition of `ipprof_getBands'
./src/audioRxTx.o:C:\opt\jaffe_lu\ZedBoardAudioEqualizer\ZedBoard_FreeRTOS_Audio_Loopback_V1_0_1\RX_TX_loopback\Debug/../src/ipprof.h:25: first defined here
collect2.exe: error: ld returned 1 exit status
make: *** [RX_TX_loopback.elf] Error 1
17:11:55 **** Auto Build of configuration Debug for project RX_TX_loopback ****
make all 
'Building file: ../src/audioRxTx.c'
'Invoking: ARM gcc compiler'
arm-xilinx-eabi-gcc -Wall -O0 -g3 -c -fmessage-length=0 -MT"src/audioRxTx.o" -I../../freertos_bsp_3_1_1/ps7_cortexa9_0/include -MMD -MP -MF"src/audioRxTx.d" -MT"src/audioRxTx.d" -o "src/audioRxTx.o" "../src/audioRxTx.c"
In file included from ../src/zedboard_freertos.h:16:0,
                 from ../src/bufferPool_d.h:23,
                 from ../src/audioRxTx.h:20,
                 from ../src/audioRxTx.c:18:
../../freertos_bsp_3_1_1/ps7_cortexa9_0/include/xbasic_types.h:115:2: warning: #warning The xbasics_type.h file is deprecated and users should use xil_types.h and xil_assert. [-Wcpp]
 #warning  The xbasics_type.h file is deprecated and users should use xil_types.h and xil_assert.
  ^
../../freertos_bsp_3_1_1/ps7_cortexa9_0/include/xbasic_types.h:116:2: warning: #warning Please refer the Standalone BSP UG647 for further details [-Wcpp]
 #warning  Please refer the Standalone BSP UG647 for further details
  ^
'Finished building: ../src/audioRxTx.c'
' '
'Building file: ../src/ipprof.c'
'Invoking: ARM gcc compiler'
arm-xilinx-eabi-gcc -Wall -O0 -g3 -c -fmessage-length=0 -MT"src/ipprof.o" -I../../freertos_bsp_3_1_1/ps7_cortexa9_0/include -MMD -MP -MF"src/ipprof.d" -MT"src/ipprof.d" -o "src/ipprof.o" "../src/ipprof.c"
'Finished building: ../src/ipprof.c'
' '
'Building target: RX_TX_loopback.elf'
'Invoking: ARM gcc linker'
arm-xilinx-eabi-gcc -Wl,-T -Wl,../src/lscript.ld -L../../freertos_bsp_3_1_1/ps7_cortexa9_0/lib -o "RX_TX_loopback.elf"  ./src/adau1761.o ./src/audioPlayer.o ./src/audioRxTx.o ./src/audioSample.o ./src/bufferPool_d.o ./src/chunk_d.o ./src/fprof.o ./src/frequencyScaling.o ./src/ipprof.o ./src/kiss_fft.o ./src/kiss_fftr.o ./src/main.o ./src/snd_sample.o  ./ipprof.o   -lm -Wl,--start-group,-lxil,-lfreertos,-lgcc,-lc,--end-group
./src/ipprof.o: In function `ipprof_getBands':
C:\opt\jaffe_lu\ZedBoardAudioEqualizer\ZedBoard_FreeRTOS_Audio_Loopback_V1_0_1\RX_TX_loopback\Debug/../src/ipprof.h:25: multiple definition of `ipprof_getBands'
./src/audioRxTx.o:C:\opt\jaffe_lu\ZedBoardAudioEqualizer\ZedBoard_FreeRTOS_Audio_Loopback_V1_0_1\RX_TX_loopback\Debug/../src/ipprof.h:25: first defined here
collect2.exe: error: ld returned 1 exit status
make: *** [RX_TX_loopback.elf] Error 1
17:12:18 **** Auto Build of configuration Debug for project RX_TX_loopback ****
make all 
'Building file: ../src/audioRxTx.c'
'Invoking: ARM gcc compiler'
arm-xilinx-eabi-gcc -Wall -O0 -g3 -c -fmessage-length=0 -MT"src/audioRxTx.o" -I../../freertos_bsp_3_1_1/ps7_cortexa9_0/include -MMD -MP -MF"src/audioRxTx.d" -MT"src/audioRxTx.d" -o "src/audioRxTx.o" "../src/audioRxTx.c"
In file included from ../src/zedboard_freertos.h:16:0,
                 from ../src/bufferPool_d.h:23,
                 from ../src/audioRxTx.h:20,
                 from ../src/audioRxTx.c:18:
../../freertos_bsp_3_1_1/ps7_cortexa9_0/include/xbasic_types.h:115:2: warning: #warning The xbasics_type.h file is deprecated and users should use xil_types.h and xil_assert. [-Wcpp]
 #warning  The xbasics_type.h file is deprecated and users should use xil_types.h and xil_assert.
  ^
../../freertos_bsp_3_1_1/ps7_cortexa9_0/include/xbasic_types.h:116:2: warning: #warning Please refer the Standalone BSP UG647 for further details [-Wcpp]
 #warning  Please refer the Standalone BSP UG647 for further details
  ^
'Finished building: ../src/audioRxTx.c'
' '
'Building file: ../src/ipprof.c'
'Invoking: ARM gcc compiler'
arm-xilinx-eabi-gcc -Wall -O0 -g3 -c -fmessage-length=0 -MT"src/ipprof.o" -I../../freertos_bsp_3_1_1/ps7_cortexa9_0/include -MMD -MP -MF"src/ipprof.d" -MT"src/ipprof.d" -o "src/ipprof.o" "../src/ipprof.c"
'Finished building: ../src/ipprof.c'
' '
'Building target: RX_TX_loopback.elf'
'Invoking: ARM gcc linker'
arm-xilinx-eabi-gcc -Wl,-T -Wl,../src/lscript.ld -L../../freertos_bsp_3_1_1/ps7_cortexa9_0/lib -o "RX_TX_loopback.elf"  ./src/adau1761.o ./src/audioPlayer.o ./src/audioRxTx.o ./src/audioSample.o ./src/bufferPool_d.o ./src/chunk_d.o ./src/fprof.o ./src/frequencyScaling.o ./src/ipprof.o ./src/kiss_fft.o ./src/kiss_fftr.o ./src/main.o ./src/snd_sample.o  ./ipprof.o   -lm -Wl,--start-group,-lxil,-lfreertos,-lgcc,-lc,--end-group
'Finished building target: RX_TX_loopback.elf'
' '
'Invoking: ARM Print Size'
arm-xilinx-eabi-size RX_TX_loopback.elf  |tee "RX_TX_loopback.elf.size"
   text	   data	    bss	    dec	    hex	filename
 126320	1148896	 103868	1379084	 150b0c	RX_TX_loopback.elf
'Finished building: RX_TX_loopback.elf.size'
' '
17:12:28 **** Auto Build of configuration Debug for project RX_TX_loopback ****
make all 
'Building file: ../src/ipprof.c'
'Invoking: ARM gcc compiler'
arm-xilinx-eabi-gcc -Wall -O0 -g3 -c -fmessage-length=0 -MT"src/ipprof.o" -I../../freertos_bsp_3_1_1/ps7_cortexa9_0/include -MMD -MP -MF"src/ipprof.d" -MT"src/ipprof.d" -o "src/ipprof.o" "../src/ipprof.c"
'Finished building: ../src/ipprof.c'
' '
'Building target: RX_TX_loopback.elf'
'Invoking: ARM gcc linker'
arm-xilinx-eabi-gcc -Wl,-T -Wl,../src/lscript.ld -L../../freertos_bsp_3_1_1/ps7_cortexa9_0/lib -o "RX_TX_loopback.elf"  ./src/adau1761.o ./src/audioPlayer.o ./src/audioRxTx.o ./src/audioSample.o ./src/bufferPool_d.o ./src/chunk_d.o ./src/fprof.o ./src/frequencyScaling.o ./src/ipprof.o ./src/kiss_fft.o ./src/kiss_fftr.o ./src/main.o ./src/snd_sample.o  ./ipprof.o   -lm -Wl,--start-group,-lxil,-lfreertos,-lgcc,-lc,--end-group
'Finished building target: RX_TX_loopback.elf'
' '
'Invoking: ARM Print Size'
arm-xilinx-eabi-size RX_TX_loopback.elf  |tee "RX_TX_loopback.elf.size"
   text	   data	    bss	    dec	    hex	filename
 126384	1148896	 103868	1379148	 150b4c	RX_TX_loopback.elf
'Finished building: RX_TX_loopback.elf.size'
' '
17:12:39 **** Auto Build of configuration Debug for project RX_TX_loopback ****
make all 
'Building file: ../src/ipprof.c'
'Invoking: ARM gcc compiler'
arm-xilinx-eabi-gcc -Wall -O0 -g3 -c -fmessage-length=0 -MT"src/ipprof.o" -I../../freertos_bsp_3_1_1/ps7_cortexa9_0/include -MMD -MP -MF"src/ipprof.d" -MT"src/ipprof.d" -o "src/ipprof.o" "../src/ipprof.c"
../src/ipprof.c: In function 'ipprof_getBands':
../src/ipprof.c:12:6: warning: unused variable 'i' [-Wunused-variable]
  int i;
      ^
'Finished building: ../src/ipprof.c'
' '
'Building target: RX_TX_loopback.elf'
'Invoking: ARM gcc linker'
arm-xilinx-eabi-gcc -Wl,-T -Wl,../src/lscript.ld -L../../freertos_bsp_3_1_1/ps7_cortexa9_0/lib -o "RX_TX_loopback.elf"  ./src/adau1761.o ./src/audioPlayer.o ./src/audioRxTx.o ./src/audioSample.o ./src/bufferPool_d.o ./src/chunk_d.o ./src/fprof.o ./src/frequencyScaling.o ./src/ipprof.o ./src/kiss_fft.o ./src/kiss_fftr.o ./src/main.o ./src/snd_sample.o  ./ipprof.o   -lm -Wl,--start-group,-lxil,-lfreertos,-lgcc,-lc,--end-group
'Finished building target: RX_TX_loopback.elf'
' '
'Invoking: ARM Print Size'
arm-xilinx-eabi-size RX_TX_loopback.elf  |tee "RX_TX_loopback.elf.size"
   text	   data	    bss	    dec	    hex	filename
 126384	1148896	 103868	1379148	 150b4c	RX_TX_loopback.elf
'Finished building: RX_TX_loopback.elf.size'
' '
17:12:41 **** Auto Build of configuration Debug for project RX_TX_loopback ****
make all 
'Building file: ../src/ipprof.c'
'Invoking: ARM gcc compiler'
arm-xilinx-eabi-gcc -Wall -O0 -g3 -c -fmessage-length=0 -MT"src/ipprof.o" -I../../freertos_bsp_3_1_1/ps7_cortexa9_0/include -MMD -MP -MF"src/ipprof.d" -MT"src/ipprof.d" -o "src/ipprof.o" "../src/ipprof.c"
../src/ipprof.c: In function 'ipprof_getBands':
../src/ipprof.c:12:6: warning: unused variable 'i' [-Wunused-variable]
  int i;
      ^
'Finished building: ../src/ipprof.c'
' '
'Building target: RX_TX_loopback.elf'
'Invoking: ARM gcc linker'
arm-xilinx-eabi-gcc -Wl,-T -Wl,../src/lscript.ld -L../../freertos_bsp_3_1_1/ps7_cortexa9_0/lib -o "RX_TX_loopback.elf"  ./src/adau1761.o ./src/audioPlayer.o ./src/audioRxTx.o ./src/audioSample.o ./src/bufferPool_d.o ./src/chunk_d.o ./src/fprof.o ./src/frequencyScaling.o ./src/ipprof.o ./src/kiss_fft.o ./src/kiss_fftr.o ./src/main.o ./src/snd_sample.o  ./ipprof.o   -lm -Wl,--start-group,-lxil,-lfreertos,-lgcc,-lc,--end-group
'Finished building target: RX_TX_loopback.elf'
' '
'Invoking: ARM Print Size'
arm-xilinx-eabi-size RX_TX_loopback.elf  |tee "RX_TX_loopback.elf.size"
   text	   data	    bss	    dec	    hex	filename
 126384	1148896	 103868	1379148	 150b4c	RX_TX_loopback.elf
'Finished building: RX_TX_loopback.elf.size'
' '
17:16:50 **** Auto Build of configuration Debug for project RX_TX_loopback ****
make all 
'Building file: ../src/audioRxTx.c'
'Invoking: ARM gcc compiler'
arm-xilinx-eabi-gcc -Wall -O0 -g3 -c -fmessage-length=0 -MT"src/audioRxTx.o" -I../../freertos_bsp_3_1_1/ps7_cortexa9_0/include -MMD -MP -MF"src/audioRxTx.d" -MT"src/audioRxTx.d" -o "src/audioRxTx.o" "../src/audioRxTx.c"
In file included from ../src/zedboard_freertos.h:16:0,
                 from ../src/bufferPool_d.h:23,
                 from ../src/audioRxTx.h:20,
                 from ../src/audioRxTx.c:18:
../../freertos_bsp_3_1_1/ps7_cortexa9_0/include/xbasic_types.h:115:2: warning: #warning The xbasics_type.h file is deprecated and users should use xil_types.h and xil_assert. [-Wcpp]
 #warning  The xbasics_type.h file is deprecated and users should use xil_types.h and xil_assert.
  ^
../../freertos_bsp_3_1_1/ps7_cortexa9_0/include/xbasic_types.h:116:2: warning: #warning Please refer the Standalone BSP UG647 for further details [-Wcpp]
 #warning  Please refer the Standalone BSP UG647 for further details
  ^
In file included from ../src/audioRxTx.c:23:0:
../src/ipprof.h:22:5: error: expected ':', ',', ';', '}' or '__attribute__' before 'int'
     int selected;
     ^
make: *** [src/audioRxTx.o] Error 1
17:16:52 **** Auto Build of configuration Debug for project RX_TX_loopback ****
make all 
'Building file: ../src/audioRxTx.c'
'Invoking: ARM gcc compiler'
arm-xilinx-eabi-gcc -Wall -O0 -g3 -c -fmessage-length=0 -MT"src/audioRxTx.o" -I../../freertos_bsp_3_1_1/ps7_cortexa9_0/include -MMD -MP -MF"src/audioRxTx.d" -MT"src/audioRxTx.d" -o "src/audioRxTx.o" "../src/audioRxTx.c"
In file included from ../src/zedboard_freertos.h:16:0,
                 from ../src/bufferPool_d.h:23,
                 from ../src/audioRxTx.h:20,
                 from ../src/audioRxTx.c:18:
../../freertos_bsp_3_1_1/ps7_cortexa9_0/include/xbasic_types.h:115:2: warning: #warning The xbasics_type.h file is deprecated and users should use xil_types.h and xil_assert. [-Wcpp]
 #warning  The xbasics_type.h file is deprecated and users should use xil_types.h and xil_assert.
  ^
../../freertos_bsp_3_1_1/ps7_cortexa9_0/include/xbasic_types.h:116:2: warning: #warning Please refer the Standalone BSP UG647 for further details [-Wcpp]
 #warning  Please refer the Standalone BSP UG647 for further details
  ^
'Finished building: ../src/audioRxTx.c'
' '
'Building file: ../src/ipprof.c'
'Invoking: ARM gcc compiler'
arm-xilinx-eabi-gcc -Wall -O0 -g3 -c -fmessage-length=0 -MT"src/ipprof.o" -I../../freertos_bsp_3_1_1/ps7_cortexa9_0/include -MMD -MP -MF"src/ipprof.d" -MT"src/ipprof.d" -o "src/ipprof.o" "../src/ipprof.c"
../src/ipprof.c: In function 'ipprof_getBands':
../src/ipprof.c:12:6: warning: unused variable 'i' [-Wunused-variable]
  int i;
      ^
'Finished building: ../src/ipprof.c'
' '
'Building target: RX_TX_loopback.elf'
'Invoking: ARM gcc linker'
arm-xilinx-eabi-gcc -Wl,-T -Wl,../src/lscript.ld -L../../freertos_bsp_3_1_1/ps7_cortexa9_0/lib -o "RX_TX_loopback.elf"  ./src/adau1761.o ./src/audioPlayer.o ./src/audioRxTx.o ./src/audioSample.o ./src/bufferPool_d.o ./src/chunk_d.o ./src/fprof.o ./src/frequencyScaling.o ./src/ipprof.o ./src/kiss_fft.o ./src/kiss_fftr.o ./src/main.o ./src/snd_sample.o  ./ipprof.o   -lm -Wl,--start-group,-lxil,-lfreertos,-lgcc,-lc,--end-group
'Finished building target: RX_TX_loopback.elf'
' '
'Invoking: ARM Print Size'
arm-xilinx-eabi-size RX_TX_loopback.elf  |tee "RX_TX_loopback.elf.size"
   text	   data	    bss	    dec	    hex	filename
 126384	1148896	 103868	1379148	 150b4c	RX_TX_loopback.elf
'Finished building: RX_TX_loopback.elf.size'
' '
17:17:00 **** Auto Build of configuration Debug for project RX_TX_loopback ****
make all 
'Building file: ../src/audioRxTx.c'
'Invoking: ARM gcc compiler'
arm-xilinx-eabi-gcc -Wall -O0 -g3 -c -fmessage-length=0 -MT"src/audioRxTx.o" -I../../freertos_bsp_3_1_1/ps7_cortexa9_0/include -MMD -MP -MF"src/audioRxTx.d" -MT"src/audioRxTx.d" -o "src/audioRxTx.o" "../src/audioRxTx.c"
In file included from ../src/zedboard_freertos.h:16:0,
                 from ../src/bufferPool_d.h:23,
                 from ../src/audioRxTx.h:20,
                 from ../src/audioRxTx.c:18:
../../freertos_bsp_3_1_1/ps7_cortexa9_0/include/xbasic_types.h:115:2: warning: #warning The xbasics_type.h file is deprecated and users should use xil_types.h and xil_assert. [-Wcpp]
 #warning  The xbasics_type.h file is deprecated and users should use xil_types.h and xil_assert.
  ^
../../freertos_bsp_3_1_1/ps7_cortexa9_0/include/xbasic_types.h:116:2: warning: #warning Please refer the Standalone BSP UG647 for further details [-Wcpp]
 #warning  Please refer the Standalone BSP UG647 for further details
  ^
'Finished building: ../src/audioRxTx.c'
' '
'Building file: ../src/ipprof.c'
'Invoking: ARM gcc compiler'
arm-xilinx-eabi-gcc -Wall -O0 -g3 -c -fmessage-length=0 -MT"src/ipprof.o" -I../../freertos_bsp_3_1_1/ps7_cortexa9_0/include -MMD -MP -MF"src/ipprof.d" -MT"src/ipprof.d" -o "src/ipprof.o" "../src/ipprof.c"
../src/ipprof.c: In function 'ipprof_getBands':
../src/ipprof.c:12:6: warning: unused variable 'i' [-Wunused-variable]
  int i;
      ^
'Finished building: ../src/ipprof.c'
' '
'Building target: RX_TX_loopback.elf'
'Invoking: ARM gcc linker'
arm-xilinx-eabi-gcc -Wl,-T -Wl,../src/lscript.ld -L../../freertos_bsp_3_1_1/ps7_cortexa9_0/lib -o "RX_TX_loopback.elf"  ./src/adau1761.o ./src/audioPlayer.o ./src/audioRxTx.o ./src/audioSample.o ./src/bufferPool_d.o ./src/chunk_d.o ./src/fprof.o ./src/frequencyScaling.o ./src/ipprof.o ./src/kiss_fft.o ./src/kiss_fftr.o ./src/main.o ./src/snd_sample.o  ./ipprof.o   -lm -Wl,--start-group,-lxil,-lfreertos,-lgcc,-lc,--end-group
'Finished building target: RX_TX_loopback.elf'
' '
'Invoking: ARM Print Size'
arm-xilinx-eabi-size RX_TX_loopback.elf  |tee "RX_TX_loopback.elf.size"
   text	   data	    bss	    dec	    hex	filename
 126384	1148896	 103868	1379148	 150b4c	RX_TX_loopback.elf
'Finished building: RX_TX_loopback.elf.size'
' '
17:17:05 **** Auto Build of configuration Debug for project RX_TX_loopback ****
make all 
'Building file: ../src/audioRxTx.c'
'Invoking: ARM gcc compiler'
arm-xilinx-eabi-gcc -Wall -O0 -g3 -c -fmessage-length=0 -MT"src/audioRxTx.o" -I../../freertos_bsp_3_1_1/ps7_cortexa9_0/include -MMD -MP -MF"src/audioRxTx.d" -MT"src/audioRxTx.d" -o "src/audioRxTx.o" "../src/audioRxTx.c"
In file included from ../src/zedboard_freertos.h:16:0,
                 from ../src/bufferPool_d.h:23,
                 from ../src/audioRxTx.h:20,
                 from ../src/audioRxTx.c:18:
../../freertos_bsp_3_1_1/ps7_cortexa9_0/include/xbasic_types.h:115:2: warning: #warning The xbasics_type.h file is deprecated and users should use xil_types.h and xil_assert. [-Wcpp]
 #warning  The xbasics_type.h file is deprecated and users should use xil_types.h and xil_assert.
  ^
../../freertos_bsp_3_1_1/ps7_cortexa9_0/include/xbasic_types.h:116:2: warning: #warning Please refer the Standalone BSP UG647 for further details [-Wcpp]
 #warning  Please refer the Standalone BSP UG647 for further details
  ^
'Finished building: ../src/audioRxTx.c'
' '
'Building file: ../src/ipprof.c'
'Invoking: ARM gcc compiler'
arm-xilinx-eabi-gcc -Wall -O0 -g3 -c -fmessage-length=0 -MT"src/ipprof.o" -I../../freertos_bsp_3_1_1/ps7_cortexa9_0/include -MMD -MP -MF"src/ipprof.d" -MT"src/ipprof.d" -o "src/ipprof.o" "../src/ipprof.c"
../src/ipprof.c: In function 'ipprof_getBands':
../src/ipprof.c:12:6: warning: unused variable 'i' [-Wunused-variable]
  int i;
      ^
'Finished building: ../src/ipprof.c'
' '
'Building target: RX_TX_loopback.elf'
'Invoking: ARM gcc linker'
arm-xilinx-eabi-gcc -Wl,-T -Wl,../src/lscript.ld -L../../freertos_bsp_3_1_1/ps7_cortexa9_0/lib -o "RX_TX_loopback.elf"  ./src/adau1761.o ./src/audioPlayer.o ./src/audioRxTx.o ./src/audioSample.o ./src/bufferPool_d.o ./src/chunk_d.o ./src/fprof.o ./src/frequencyScaling.o ./src/ipprof.o ./src/kiss_fft.o ./src/kiss_fftr.o ./src/main.o ./src/snd_sample.o  ./ipprof.o   -lm -Wl,--start-group,-lxil,-lfreertos,-lgcc,-lc,--end-group
'Finished building target: RX_TX_loopback.elf'
' '
'Invoking: ARM Print Size'
arm-xilinx-eabi-size RX_TX_loopback.elf  |tee "RX_TX_loopback.elf.size"
   text	   data	    bss	    dec	    hex	filename
 126384	1148896	 103868	1379148	 150b4c	RX_TX_loopback.elf
'Finished building: RX_TX_loopback.elf.size'
' '
17:17:21 **** Auto Build of configuration Debug for project RX_TX_loopback ****
make all 
'Building file: ../src/audioRxTx.c'
'Invoking: ARM gcc compiler'
arm-xilinx-eabi-gcc -Wall -O0 -g3 -c -fmessage-length=0 -MT"src/audioRxTx.o" -I../../freertos_bsp_3_1_1/ps7_cortexa9_0/include -MMD -MP -MF"src/audioRxTx.d" -MT"src/audioRxTx.d" -o "src/audioRxTx.o" "../src/audioRxTx.c"
In file included from ../src/zedboard_freertos.h:16:0,
                 from ../src/bufferPool_d.h:23,
                 from ../src/audioRxTx.h:20,
                 from ../src/audioRxTx.c:18:
../../freertos_bsp_3_1_1/ps7_cortexa9_0/include/xbasic_types.h:115:2: warning: #warning The xbasics_type.h file is deprecated and users should use xil_types.h and xil_assert. [-Wcpp]
 #warning  The xbasics_type.h file is deprecated and users should use xil_types.h and xil_assert.
  ^
../../freertos_bsp_3_1_1/ps7_cortexa9_0/include/xbasic_types.h:116:2: warning: #warning Please refer the Standalone BSP UG647 for further details [-Wcpp]
 #warning  Please refer the Standalone BSP UG647 for further details
  ^
'Finished building: ../src/audioRxTx.c'
' '
'Building file: ../src/ipprof.c'
'Invoking: ARM gcc compiler'
[...]
 #warning  The xbasics_type.h file is deprecated and users should use xil_types.h and xil_assert.
  ^
../../freertos_bsp_3_1_1/ps7_cortexa9_0/include/xbasic_types.h:116:2: warning: #warning Please refer the Standalone BSP UG647 for further details [-Wcpp]
 #warning  Please refer the Standalone BSP UG647 for further details
  ^
'Finished building: ../src/adau1761.c'
' '
'Building target: RX_TX_loopback.elf'
'Invoking: ARM gcc linker'
arm-xilinx-eabi-gcc -Wl,-T -Wl,../src/lscript.ld -L../../freertos_bsp_3_1_1/ps7_cortexa9_0/lib -o "RX_TX_loopback.elf"  ./src/adau1761.o ./src/audioPlayer.o ./src/audioRxTx.o ./src/audioSample.o ./src/bufferPool_d.o ./src/chunk_d.o ./src/fprof.o ./src/frequencyScaling.o ./src/ipprof.o ./src/kiss_fft.o ./src/kiss_fftr.o ./src/main.o ./src/snd_sample.o  ./ipprof.o   -lm -Wl,--start-group,-lxil,-lfreertos,-lgcc,-lc,--end-group
'Finished building target: RX_TX_loopback.elf'
' '
'Invoking: ARM Print Size'
arm-xilinx-eabi-size RX_TX_loopback.elf  |tee "RX_TX_loopback.elf.size"
   text	   data	    bss	    dec	    hex	filename
 127024	1148896	 224812	1500732	 16e63c	RX_TX_loopback.elf
'Finished building: RX_TX_loopback.elf.size'
' '
17:27:26 **** Incremental Build of configuration Debug for project RX_TX_loopback ****
make all 
make: Nothing to be done for `all'.
17:28:15 **** Auto Build of configuration Debug for project RX_TX_loopback ****
make all 
'Building file: ../src/adau1761.c'
'Invoking: ARM gcc compiler'
arm-xilinx-eabi-gcc -Wall -O0 -g3 -c -fmessage-length=0 -MT"src/adau1761.o" -I../../freertos_bsp_3_1_1/ps7_cortexa9_0/include -MMD -MP -MF"src/adau1761.d" -MT"src/adau1761.o" -o "src/adau1761.o" "../src/adau1761.c"
In file included from ../src/zedboard_freertos.h:16:0,
                 from ../src/bufferPool_d.h:23,
                 from ../src/audioRxTx.h:20,
                 from ../src/adau1761.c:1:
../../freertos_bsp_3_1_1/ps7_cortexa9_0/include/xbasic_types.h:115:2: warning: #warning The xbasics_type.h file is deprecated and users should use xil_types.h and xil_assert. [-Wcpp]
 #warning  The xbasics_type.h file is deprecated and users should use xil_types.h and xil_assert.
  ^
../../freertos_bsp_3_1_1/ps7_cortexa9_0/include/xbasic_types.h:116:2: warning: #warning Please refer the Standalone BSP UG647 for further details [-Wcpp]
 #warning  Please refer the Standalone BSP UG647 for further details
  ^
'Finished building: ../src/adau1761.c'
' '
'Building target: RX_TX_loopback.elf'
'Invoking: ARM gcc linker'
arm-xilinx-eabi-gcc -Wl,-T -Wl,../src/lscript.ld -L../../freertos_bsp_3_1_1/ps7_cortexa9_0/lib -o "RX_TX_loopback.elf"  ./src/adau1761.o ./src/audioPlayer.o ./src/audioRxTx.o ./src/audioSample.o ./src/bufferPool_d.o ./src/chunk_d.o ./src/fprof.o ./src/frequencyScaling.o ./src/ipprof.o ./src/kiss_fft.o ./src/kiss_fftr.o ./src/main.o ./src/snd_sample.o  ./ipprof.o   -lm -Wl,--start-group,-lxil,-lfreertos,-lgcc,-lc,--end-group
'Finished building target: RX_TX_loopback.elf'
' '
'Invoking: ARM Print Size'
arm-xilinx-eabi-size RX_TX_loopback.elf  |tee "RX_TX_loopback.elf.size"
   text	   data	    bss	    dec	    hex	filename
 127024	1148896	 224812	1500732	 16e63c	RX_TX_loopback.elf
'Finished building: RX_TX_loopback.elf.size'
' '
17:29:09 **** Auto Build of configuration Debug for project RX_TX_loopback ****
make all 
'Building file: ../src/audioPlayer.c'
'Invoking: ARM gcc compiler'
arm-xilinx-eabi-gcc -Wall -O0 -g3 -c -fmessage-length=0 -MT"src/audioPlayer.o" -I../../freertos_bsp_3_1_1/ps7_cortexa9_0/include -MMD -MP -MF"src/audioPlayer.d" -MT"src/audioPlayer.o" -o "src/audioPlayer.o" "../src/audioPlayer.c"
In file included from ../src/zedboard_freertos.h:16:0,
                 from ../src/bufferPool_d.h:23,
                 from ../src/audioPlayer.h:21,
                 from ../src/audioPlayer.c:19:
../../freertos_bsp_3_1_1/ps7_cortexa9_0/include/xbasic_types.h:115:2: warning: #warning The xbasics_type.h file is deprecated and users should use xil_types.h and xil_assert. [-Wcpp]
 #warning  The xbasics_type.h file is deprecated and users should use xil_types.h and xil_assert.
  ^
../../freertos_bsp_3_1_1/ps7_cortexa9_0/include/xbasic_types.h:116:2: warning: #warning Please refer the Standalone BSP UG647 for further details [-Wcpp]
 #warning  Please refer the Standalone BSP UG647 for further details
  ^
../src/audioPlayer.c: In function 'audioPlayer_init':
../src/audioPlayer.c:59:2: warning: implicit declaration of function 'Adau1761_Init' [-Wimplicit-function-declaration]
  Adau1761_Init(&pThis->codec);
  ^
In file included from ../src/zedboard_freertos.h:2:0,
                 from ../src/bufferPool_d.h:23,
                 from ../src/audioPlayer.h:21,
                 from ../src/audioPlayer.c:19:
../src/audioPlayer.c: In function 'audioPlayer_start':
../../freertos_bsp_3_1_1/ps7_cortexa9_0/include/task.h:345:134: warning: pointer targets in passing argument 2 of 'xTaskGenericCreate' differ in signedness [-Wpointer-sign]
 #define xTaskCreate( pvTaskCode, pcName, usStackDepth, pvParameters, uxPriority, pxCreatedTask ) xTaskGenericCreate( ( pvTaskCode ), ( pcName ), ( usStackDepth ), ( pvParameters ), ( uxPriority ), ( pxCreatedTask ), ( NULL ), ( NULL ) )
                                                                                                                                      ^
../src/audioPlayer.c:88:5: note: in expansion of macro 'xTaskCreate'
     xTaskCreate( gpio_task, ( signed char * ) "GPIO", configMINIMAL_STACK_SIZE, NULL, tskIDLE_PRIORITY + 1 , NULL );
     ^
../../freertos_bsp_3_1_1/ps7_cortexa9_0/include/task.h:1986:12: note: expected 'const char * const' but argument is of type 'signed char *'
 BaseType_t xTaskGenericCreate( TaskFunction_t pxTaskCode, const char * const pcName, const uint16_t usStackDepth, void * const pvParameters, UBaseType_t uxPriority, TaskHandle_t * const pxCreatedTask, StackType_t * const puxStackBuffer, const MemoryRegion_t * const xRegions ) PRIVILEGED_FUNCTION; /*lint !e971 Unqualified char types are allowed for strings and single characters only. */
            ^
../../freertos_bsp_3_1_1/ps7_cortexa9_0/include/task.h:345:134: warning: pointer targets in passing argument 2 of 'xTaskGenericCreate' differ in signedness [-Wpointer-sign]
 #define xTaskCreate( pvTaskCode, pcName, usStackDepth, pvParameters, uxPriority, pxCreatedTask ) xTaskGenericCreate( ( pvTaskCode ), ( pcName ), ( usStackDepth ), ( pvParameters ), ( uxPriority ), ( pxCreatedTask ), ( NULL ), ( NULL ) )
                                                                                                                                      ^
../src/audioPlayer.c:91:5: note: in expansion of macro 'xTaskCreate'
     xTaskCreate( display_task, ( signed char * ) "DISPLAY", configMINIMAL_STACK_SIZE, NULL, tskIDLE_PRIORITY + 1 , NULL );
     ^
../../freertos_bsp_3_1_1/ps7_cortexa9_0/include/task.h:1986:12: note: expected 'const char * const' but argument is of type 'signed char *'
 BaseType_t xTaskGenericCreate( TaskFunction_t pxTaskCode, const char * const pcName, const uint16_t usStackDepth, void * const pvParameters, UBaseType_t uxPriority, TaskHandle_t * const pxCreatedTask, StackType_t * const puxStackBuffer, const MemoryRegion_t * const xRegions ) PRIVILEGED_FUNCTION; /*lint !e971 Unqualified char types are allowed for strings and single characters only. */
            ^
../../freertos_bsp_3_1_1/ps7_cortexa9_0/include/task.h:345:134: warning: pointer targets in passing argument 2 of 'xTaskGenericCreate' differ in signedness [-Wpointer-sign]
 #define xTaskCreate( pvTaskCode, pcName, usStackDepth, pvParameters, uxPriority, pxCreatedTask ) xTaskGenericCreate( ( pvTaskCode ), ( pcName ), ( usStackDepth ), ( pvParameters ), ( uxPriority ), ( pxCreatedTask ), ( NULL ), ( NULL ) )
                                                                                                                                      ^
../src/audioPlayer.c:94:2: note: in expansion of macro 'xTaskCreate'
  xTaskCreate( audioPlayer_task, ( signed char * ) "PLAYER", 5000, pThis, tskIDLE_PRIORITY + 1 , NULL );
  ^
../../freertos_bsp_3_1_1/ps7_cortexa9_0/include/task.h:1986:12: note: expected 'const char * const' but argument is of type 'signed char *'
 BaseType_t xTaskGenericCreate( TaskFunction_t pxTaskCode, const char * const pcName, const uint16_t usStackDepth, void * const pvParameters, UBaseType_t uxPriority, TaskHandle_t * const pxCreatedTask, StackType_t * const puxStackBuffer, const MemoryRegion_t * const xRegions ) PRIVILEGED_FUNCTION; /*lint !e971 Unqualified char types are allowed for strings and single characters only. */
            ^
../src/audioPlayer.c: In function 'display_task':
../src/audioPlayer.c:179:14: warning: passing argument 1 of 'ipprof_init' from incompatible pointer type
  ipprof_init(&ipprof);
              ^
In file included from ../src/audioPlayer.c:23:0:
../src/ipprof.h:27:6: note: expected 'struct ipprof_t *' but argument is of type 'struct fprof_t *'
 void ipprof_init(ipprof_t* this);
      ^
'Finished building: ../src/audioPlayer.c'
' '
'Building target: RX_TX_loopback.elf'
'Invoking: ARM gcc linker'
arm-xilinx-eabi-gcc -Wl,-T -Wl,../src/lscript.ld -L../../freertos_bsp_3_1_1/ps7_cortexa9_0/lib -o "RX_TX_loopback.elf"  ./src/adau1761.o ./src/audioPlayer.o ./src/audioRxTx.o ./src/audioSample.o ./src/bufferPool_d.o ./src/chunk_d.o ./src/fprof.o ./src/frequencyScaling.o ./src/ipprof.o ./src/kiss_fft.o ./src/kiss_fftr.o ./src/main.o ./src/snd_sample.o  ./ipprof.o   -lm -Wl,--start-group,-lxil,-lfreertos,-lgcc,-lc,--end-group
'Finished building target: RX_TX_loopback.elf'
' '
'Invoking: ARM Print Size'
arm-xilinx-eabi-size RX_TX_loopback.elf  |tee "RX_TX_loopback.elf.size"
   text	   data	    bss	    dec	    hex	filename
 127024	1148896	 224812	1500732	 16e63c	RX_TX_loopback.elf
'Finished building: RX_TX_loopback.elf.size'
' '
17:29:21 **** Auto Build of configuration Debug for project RX_TX_loopback ****
make all 
'Building file: ../src/audioPlayer.c'
'Invoking: ARM gcc compiler'
arm-xilinx-eabi-gcc -Wall -O0 -g3 -c -fmessage-length=0 -MT"src/audioPlayer.o" -I../../freertos_bsp_3_1_1/ps7_cortexa9_0/include -MMD -MP -MF"src/audioPlayer.d" -MT"src/audioPlayer.o" -o "src/audioPlayer.o" "../src/audioPlayer.c"
In file included from ../src/zedboard_freertos.h:16:0,
                 from ../src/bufferPool_d.h:23,
                 from ../src/audioPlayer.h:21,
                 from ../src/audioPlayer.c:19:
../../freertos_bsp_3_1_1/ps7_cortexa9_0/include/xbasic_types.h:115:2: warning: #warning The xbasics_type.h file is deprecated and users should use xil_types.h and xil_assert. [-Wcpp]
 #warning  The xbasics_type.h file is deprecated and users should use xil_types.h and xil_assert.
  ^
../../freertos_bsp_3_1_1/ps7_cortexa9_0/include/xbasic_types.h:116:2: warning: #warning Please refer the Standalone BSP UG647 for further details [-Wcpp]
 #warning  Please refer the Standalone BSP UG647 for further details
  ^
../src/audioPlayer.c: In function 'audioPlayer_init':
../src/audioPlayer.c:59:2: warning: implicit declaration of function 'Adau1761_Init' [-Wimplicit-function-declaration]
  Adau1761_Init(&pThis->codec);
  ^
In file included from ../src/zedboard_freertos.h:2:0,
                 from ../src/bufferPool_d.h:23,
                 from ../src/audioPlayer.h:21,
                 from ../src/audioPlayer.c:19:
../src/audioPlayer.c: In function 'audioPlayer_start':
../../freertos_bsp_3_1_1/ps7_cortexa9_0/include/task.h:345:134: warning: pointer targets in passing argument 2 of 'xTaskGenericCreate' differ in signedness [-Wpointer-sign]
 #define xTaskCreate( pvTaskCode, pcName, usStackDepth, pvParameters, uxPriority, pxCreatedTask ) xTaskGenericCreate( ( pvTaskCode ), ( pcName ), ( usStackDepth ), ( pvParameters ), ( uxPriority ), ( pxCreatedTask ), ( NULL ), ( NULL ) )
                                                                                                                                      ^
../src/audioPlayer.c:88:5: note: in expansion of macro 'xTaskCreate'
     xTaskCreate( gpio_task, ( signed char * ) "GPIO", configMINIMAL_STACK_SIZE, NULL, tskIDLE_PRIORITY + 1 , NULL );
     ^
../../freertos_bsp_3_1_1/ps7_cortexa9_0/include/task.h:1986:12: note: expected 'const char * const' but argument is of type 'signed char *'
 BaseType_t xTaskGenericCreate( TaskFunction_t pxTaskCode, const char * const pcName, const uint16_t usStackDepth, void * const pvParameters, UBaseType_t uxPriority, TaskHandle_t * const pxCreatedTask, StackType_t * const puxStackBuffer, const MemoryRegion_t * const xRegions ) PRIVILEGED_FUNCTION; /*lint !e971 Unqualified char types are allowed for strings and single characters only. */
            ^
../../freertos_bsp_3_1_1/ps7_cortexa9_0/include/task.h:345:134: warning: pointer targets in passing argument 2 of 'xTaskGenericCreate' differ in signedness [-Wpointer-sign]
 #define xTaskCreate( pvTaskCode, pcName, usStackDepth, pvParameters, uxPriority, pxCreatedTask ) xTaskGenericCreate( ( pvTaskCode ), ( pcName ), ( usStackDepth ), ( pvParameters ), ( uxPriority ), ( pxCreatedTask ), ( NULL ), ( NULL ) )
                                                                                                                                      ^
../src/audioPlayer.c:91:5: note: in expansion of macro 'xTaskCreate'
     xTaskCreate( display_task, ( signed char * ) "DISPLAY", configMINIMAL_STACK_SIZE, NULL, tskIDLE_PRIORITY + 1 , NULL );
     ^
../../freertos_bsp_3_1_1/ps7_cortexa9_0/include/task.h:1986:12: note: expected 'const char * const' but argument is of type 'signed char *'
 BaseType_t xTaskGenericCreate( TaskFunction_t pxTaskCode, const char * const pcName, const uint16_t usStackDepth, void * const pvParameters, UBaseType_t uxPriority, TaskHandle_t * const pxCreatedTask, StackType_t * const puxStackBuffer, const MemoryRegion_t * const xRegions ) PRIVILEGED_FUNCTION; /*lint !e971 Unqualified char types are allowed for strings and single characters only. */
            ^
../../freertos_bsp_3_1_1/ps7_cortexa9_0/include/task.h:345:134: warning: pointer targets in passing argument 2 of 'xTaskGenericCreate' differ in signedness [-Wpointer-sign]
 #define xTaskCreate( pvTaskCode, pcName, usStackDepth, pvParameters, uxPriority, pxCreatedTask ) xTaskGenericCreate( ( pvTaskCode ), ( pcName ), ( usStackDepth ), ( pvParameters ), ( uxPriority ), ( pxCreatedTask ), ( NULL ), ( NULL ) )
                                                                                                                                      ^
../src/audioPlayer.c:94:2: note: in expansion of macro 'xTaskCreate'
  xTaskCreate( audioPlayer_task, ( signed char * ) "PLAYER", 5000, pThis, tskIDLE_PRIORITY + 1 , NULL );
  ^
../../freertos_bsp_3_1_1/ps7_cortexa9_0/include/task.h:1986:12: note: expected 'const char * const' but argument is of type 'signed char *'
 BaseType_t xTaskGenericCreate( TaskFunction_t pxTaskCode, const char * const pcName, const uint16_t usStackDepth, void * const pvParameters, UBaseType_t uxPriority, TaskHandle_t * const pxCreatedTask, StackType_t * const puxStackBuffer, const MemoryRegion_t * const xRegions ) PRIVILEGED_FUNCTION; /*lint !e971 Unqualified char types are allowed for strings and single characters only. */
            ^
../src/audioPlayer.c: In function 'display_task':
../src/audioPlayer.c:179:14: warning: passing argument 1 of 'ipprof_init' from incompatible pointer type
  ipprof_init(&ipprof);
              ^
In file included from ../src/audioPlayer.c:23:0:
../src/ipprof.h:27:6: note: expected 'struct ipprof_t *' but argument is of type 'struct fprof_t *'
 void ipprof_init(ipprof_t* this);
      ^
'Finished building: ../src/audioPlayer.c'
' '
'Building target: RX_TX_loopback.elf'
'Invoking: ARM gcc linker'
arm-xilinx-eabi-gcc -Wl,-T -Wl,../src/lscript.ld -L../../freertos_bsp_3_1_1/ps7_cortexa9_0/lib -o "RX_TX_loopback.elf"  ./src/adau1761.o ./src/audioPlayer.o ./src/audioRxTx.o ./src/audioSample.o ./src/bufferPool_d.o ./src/chunk_d.o ./src/fprof.o ./src/frequencyScaling.o ./src/ipprof.o ./src/kiss_fft.o ./src/kiss_fftr.o ./src/main.o ./src/snd_sample.o  ./ipprof.o   -lm -Wl,--start-group,-lxil,-lfreertos,-lgcc,-lc,--end-group
'Finished building target: RX_TX_loopback.elf'
' '
'Invoking: ARM Print Size'
arm-xilinx-eabi-size RX_TX_loopback.elf  |tee "RX_TX_loopback.elf.size"
   text	   data	    bss	    dec	    hex	filename
 127024	1148896	 224812	1500732	 16e63c	RX_TX_loopback.elf
'Finished building: RX_TX_loopback.elf.size'
' '
17:29:48 **** Auto Build of configuration Debug for project RX_TX_loopback ****
make all 
'Building file: ../src/audioRxTx.c'
'Invoking: ARM gcc compiler'
arm-xilinx-eabi-gcc -Wall -O0 -g3 -c -fmessage-length=0 -MT"src/audioRxTx.o" -I../../freertos_bsp_3_1_1/ps7_cortexa9_0/include -MMD -MP -MF"src/audioRxTx.d" -MT"src/audioRxTx.o" -o "src/audioRxTx.o" "../src/audioRxTx.c"
In file included from ../src/zedboard_freertos.h:16:0,
                 from ../src/bufferPool_d.h:23,
                 from ../src/audioRxTx.h:20,
                 from ../src/audioRxTx.c:18:
../../freertos_bsp_3_1_1/ps7_cortexa9_0/include/xbasic_types.h:115:2: warning: #warning The xbasics_type.h file is deprecated and users should use xil_types.h and xil_assert. [-Wcpp]
 #warning  The xbasics_type.h file is deprecated and users should use xil_types.h and xil_assert.
  ^
../../freertos_bsp_3_1_1/ps7_cortexa9_0/include/xbasic_types.h:116:2: warning: #warning Please refer the Standalone BSP UG647 for further details [-Wcpp]
 #warning  Please refer the Standalone BSP UG647 for further details
  ^
../src/audioRxTx.c: In function 'audioRxTx_put':
../src/audioRxTx.c:259:12: error: 'j' undeclared (first use in this function)
       for (j = 0; j < CHUNK_SAMPLES; j++)
            ^
../src/audioRxTx.c:259:12: note: each undeclared identifier is reported only once for each function it appears in
make: *** [src/audioRxTx.o] Error 1
17:29:58 **** Auto Build of configuration Debug for project RX_TX_loopback ****
make all 
'Building file: ../src/audioRxTx.c'
'Invoking: ARM gcc compiler'
arm-xilinx-eabi-gcc -Wall -O0 -g3 -c -fmessage-length=0 -MT"src/audioRxTx.o" -I../../freertos_bsp_3_1_1/ps7_cortexa9_0/include -MMD -MP -MF"src/audioRxTx.d" -MT"src/audioRxTx.o" -o "src/audioRxTx.o" "../src/audioRxTx.c"
In file included from ../src/zedboard_freertos.h:16:0,
                 from ../src/bufferPool_d.h:23,
                 from ../src/audioRxTx.h:20,
                 from ../src/audioRxTx.c:18:
../../freertos_bsp_3_1_1/ps7_cortexa9_0/include/xbasic_types.h:115:2: warning: #warning The xbasics_type.h file is deprecated and users should use xil_types.h and xil_assert. [-Wcpp]
 #warning  The xbasics_type.h file is deprecated and users should use xil_types.h and xil_assert.
  ^
../../freertos_bsp_3_1_1/ps7_cortexa9_0/include/xbasic_types.h:116:2: warning: #warning Please refer the Standalone BSP UG647 for further details [-Wcpp]
 #warning  Please refer the Standalone BSP UG647 for further details
  ^
'Finished building: ../src/audioRxTx.c'
' '
'Building target: RX_TX_loopback.elf'
'Invoking: ARM gcc linker'
arm-xilinx-eabi-gcc -Wl,-T -Wl,../src/lscript.ld -L../../freertos_bsp_3_1_1/ps7_cortexa9_0/lib -o "RX_TX_loopback.elf"  ./src/adau1761.o ./src/audioPlayer.o ./src/audioRxTx.o ./src/audioSample.o ./src/bufferPool_d.o ./src/chunk_d.o ./src/fprof.o ./src/frequencyScaling.o ./src/ipprof.o ./src/kiss_fft.o ./src/kiss_fftr.o ./src/main.o ./src/snd_sample.o  ./ipprof.o   -lm -Wl,--start-group,-lxil,-lfreertos,-lgcc,-lc,--end-group
'Finished building target: RX_TX_loopback.elf'
' '
'Invoking: ARM Print Size'
arm-xilinx-eabi-size RX_TX_loopback.elf  |tee "RX_TX_loopback.elf.size"
   text	   data	    bss	    dec	    hex	filename
 127216	1148896	 224812	1500924	 16e6fc	RX_TX_loopback.elf
'Finished building: RX_TX_loopback.elf.size'
' '
17:30:06 **** Incremental Build of configuration Debug for project RX_TX_loopback ****
make all 
make: Nothing to be done for `all'.
