23:40:27 **** Incremental Build of configuration Debug for project test_audio_hdmi ****
make all 
make: Nothing to be done for `all'.
23:40:33 **** Incremental Build of configuration Debug for project audio_loopback_reference ****
make all 
make: Nothing to be done for `all'.
23:40:34 **** Incremental Build of configuration Debug for project audio_hdmi ****
make all 
make: Nothing to be done for `all'.
23:40:34 **** Incremental Build of configuration Debug for project hdmi_reference ****
make all 
make: Nothing to be done for `all'.
23:40:34 **** Incremental Build of configuration Debug for project test_audio_hdmi ****
make all 
make: Nothing to be done for `all'.
23:41:37 **** Incremental Build of configuration Debug for project audio_loopback_reference ****
make all 
make: Nothing to be done for `all'.
23:41:38 **** Incremental Build of configuration Debug for project audio_hdmi ****
make all 
make: Nothing to be done for `all'.
23:41:38 **** Incremental Build of configuration Debug for project hdmi_reference ****
make all 
make: Nothing to be done for `all'.
23:41:38 **** Incremental Build of configuration Debug for project test_audio_hdmi ****
make all 
make: Nothing to be done for `all'.
23:42:20 **** Auto Build of configuration Debug for project test_audio_hdmi ****
make all 
'Building file: ../src/zed_hdmi_display.c'
'Invoking: ARM gcc compiler'
arm-xilinx-eabi-gcc -Wall -O0 -g3 -c -fmessage-length=0 -MT"src/zed_hdmi_display.o" -I../../freeRTOS_Integrated_WS_v_1_0_2_bsp/ps7_cortexa9_0/include -MMD -MP -MF"src/zed_hdmi_display.d" -MT"src/zed_hdmi_display.o" -o "src/zed_hdmi_display.o" "../src/zed_hdmi_display.c"
../src/zed_hdmi_display.c:3:1: warning: multi-line comment [-Wcomment]
 //     /     \
 ^
In file included from ../src/zed_hdmi_display.c:53:0:
../src/zed_hdmi_display.h:3:1: warning: multi-line comment [-Wcomment]
 //     /     \
 ^
In file included from ../src/zed_iic.h:49:0,
                 from ../src/zed_hdmi_display.h:57,
                 from ../src/zed_hdmi_display.c:53:
../../freeRTOS_Integrated_WS_v_1_0_2_bsp/ps7_cortexa9_0/include/xbasic_types.h:115:2: warning: #warning The xbasics_type.h file is deprecated and users should use xil_types.h and xil_assert. [-Wcpp]
 #warning  The xbasics_type.h file is deprecated and users should use xil_types.h and xil_assert.
  ^
../../freeRTOS_Integrated_WS_v_1_0_2_bsp/ps7_cortexa9_0/include/xbasic_types.h:116:2: warning: #warning Please refer the Standalone BSP UG647 for further details [-Wcpp]
 #warning  Please refer the Standalone BSP UG647 for further details
  ^
In file included from ../src/zed_hdmi_display.h:62:0,
                 from ../src/zed_hdmi_display.c:53:
../src/video_resolution.h:3:1: warning: multi-line comment [-Wcomment]
 //     /     \
 ^
In file included from ../src/zed_hdmi_display.h:63:0,
                 from ../src/zed_hdmi_display.c:53:
../src/video_generator.h:3:1: warning: multi-line comment [-Wcomment]
 //     /     \
 ^
../src/zed_hdmi_display.c: In function 'zed_hdmi_display_init':
../src/zed_hdmi_display.c:191:7: warning: 'return' with a value, in function returning void
       return -1;
       ^
../src/zed_hdmi_display.c:195:14: warning: variable 'num_bytes' set but not used [-Wunused-but-set-variable]
       Xuint8 num_bytes;
              ^
../src/zed_hdmi_display.c: In function 'zed_hdmi_display_cbars':
../src/zed_hdmi_display.c:326:4: warning: implicit declaration of function 'Xil_DCacheFlush' [-Wimplicit-function-declaration]
    Xil_DCacheFlush();
    ^
../src/zed_hdmi_display.c:310:12: warning: unused variable 'cbar' [-Wunused-variable]
    Xuint32 cbar, pixel;
            ^
../src/zed_hdmi_display.c: In function 'zed_hdmi_display_audio_freq':
../src/zed_hdmi_display.c:405:14: warning: variable 'num_bytes' set but not used [-Wunused-but-set-variable]
       Xuint8 num_bytes;
              ^
../src/zed_hdmi_display.c:341:36: warning: unused variable 'color' [-Wunused-variable]
    Xuint32 frame, row, col, pixel, color;
                                    ^
../src/zed_hdmi_display.c: In function 'zed_hdmi_display_clear':
../src/zed_hdmi_display.c:305:1: warning: control reaches end of non-void function [-Wreturn-type]
 }
 ^
'Finished building: ../src/zed_hdmi_display.c'
' '
'Building target: test_audio_hdmi.elf'
'Invoking: ARM gcc linker'
arm-xilinx-eabi-gcc -Wl,-T -Wl,../src/lscript.ld -L../../freeRTOS_Integrated_WS_v_1_0_2_bsp/ps7_cortexa9_0/lib -o "test_audio_hdmi.elf"  ./src/adau1761.o ./src/audioPlayer.o ./src/audioRxTx.o ./src/audioSample.o ./src/bufferPool_d.o ./src/chunk_d.o ./src/fprof.o ./src/frequencyScaling.o ./src/kiss_fft.o ./src/kiss_fftr.o ./src/main.o ./src/platform.o ./src/snd_sample.o ./src/video_frame_buffer.o ./src/video_generator.o ./src/video_resolution.o ./src/zed_hdmi_display.o ./src/zed_iic_axi.o   -lm -Wl,--start-group,-lxil,-lfreertos,-lgcc,-lc,--end-group
'Finished building target: test_audio_hdmi.elf'
' '
'Invoking: ARM Print Size'
arm-xilinx-eabi-size test_audio_hdmi.elf  |tee "test_audio_hdmi.elf.size"
   text	   data	    bss	    dec	    hex	filename
 160956	1149556	49879888	51190400	30d1a80	test_audio_hdmi.elf
'Finished building: test_audio_hdmi.elf.size'
' '
23:42:33 **** Incremental Build of configuration Debug for project audio_loopback_reference ****
make all 
make: Nothing to be done for `all'.
23:42:33 **** Incremental Build of configuration Debug for project audio_hdmi ****
make all 
make: Nothing to be done for `all'.
23:42:33 **** Incremental Build of configuration Debug for project hdmi_reference ****
make all 
make: Nothing to be done for `all'.
23:42:34 **** Incremental Build of configuration Debug for project test_audio_hdmi ****
make all 
make: Nothing to be done for `all'.
23:43:26 **** Auto Build of configuration Debug for project test_audio_hdmi ****
make all 
'Building file: ../src/audioPlayer.c'
'Invoking: ARM gcc compiler'
arm-xilinx-eabi-gcc -Wall -O0 -g3 -c -fmessage-length=0 -MT"src/audioPlayer.o" -I../../freeRTOS_Integrated_WS_v_1_0_2_bsp/ps7_cortexa9_0/include -MMD -MP -MF"src/audioPlayer.d" -MT"src/audioPlayer.o" -o "src/audioPlayer.o" "../src/audioPlayer.c"
In file included from ../src/zedboard_freertos.h:16:0,
                 from ../src/bufferPool_d.h:23,
                 from ../src/audioPlayer.h:21,
                 from ../src/audioPlayer.c:19:
../../freeRTOS_Integrated_WS_v_1_0_2_bsp/ps7_cortexa9_0/include/xbasic_types.h:115:2: warning: #warning The xbasics_type.h file is deprecated and users should use xil_types.h and xil_assert. [-Wcpp]
 #warning  The xbasics_type.h file is deprecated and users should use xil_types.h and xil_assert.
  ^
../../freeRTOS_Integrated_WS_v_1_0_2_bsp/ps7_cortexa9_0/include/xbasic_types.h:116:2: warning: #warning Please refer the Standalone BSP UG647 for further details [-Wcpp]
 #warning  Please refer the Standalone BSP UG647 for further details
  ^
In file included from ../src/audioPlayer.c:24:0:
../src/zed_hdmi_display.h:3:1: warning: multi-line comment [-Wcomment]
 //     /     \
 ^
In file included from ../src/zed_hdmi_display.h:62:0,
                 from ../src/audioPlayer.c:24:
../src/video_resolution.h:3:1: warning: multi-line comment [-Wcomment]
 //     /     \
 ^
In file included from ../src/zed_hdmi_display.h:63:0,
                 from ../src/audioPlayer.c:24:
../src/video_generator.h:3:1: warning: multi-line comment [-Wcomment]
 //     /     \
 ^
In file included from ../src/audioPlayer.c:27:0:
../src/fprof.h:13:0: warning: "NUM_BANDS" redefined
 #define NUM_BANDS       (8) // anchor bands
 ^
In file included from ../src/audioPlayer.c:24:0:
../src/zed_hdmi_display.h:75:0: note: this is the location of the previous definition
 #define NUM_BANDS               8
 ^
In file included from ../src/audioPlayer.c:29:0:
../src/gpio_interrupt.h: In function 'gpio_init':
../src/gpio_interrupt.h:161:5: warning: implicit declaration of function 'prvGetInterruptControllerInstance' [-Wimplicit-function-declaration]
     pGIC = prvGetInterruptControllerInstance();
     ^
../src/gpio_interrupt.h:161:10: warning: assignment makes pointer from integer without a cast
     pGIC = prvGetInterruptControllerInstance();
          ^
../src/audioPlayer.c: In function 'audioPlayer_init':
../src/audioPlayer.c:58:2: warning: implicit declaration of function 'Adau1761_Init' [-Wimplicit-function-declaration]
  Adau1761_Init(&pThis->codec);
  ^
In file included from ../src/zedboard_freertos.h:2:0,
                 from ../src/bufferPool_d.h:23,
                 from ../src/audioPlayer.h:21,
                 from ../src/audioPlayer.c:19:
../src/audioPlayer.c: In function 'audioPlayer_start':
../../freeRTOS_Integrated_WS_v_1_0_2_bsp/ps7_cortexa9_0/include/task.h:345:134: warning: pointer targets in passing argument 2 of 'xTaskGenericCreate' differ in signedness [-Wpointer-sign]
 #define xTaskCreate( pvTaskCode, pcName, usStackDepth, pvParameters, uxPriority, pxCreatedTask ) xTaskGenericCreate( ( pvTaskCode ), ( pcName ), ( usStackDepth ), ( pvParameters ), ( uxPriority ), ( pxCreatedTask ), ( NULL ), ( NULL ) )
                                                                                                                                      ^
../src/audioPlayer.c:87:5: note: in expansion of macro 'xTaskCreate'
     xTaskCreate( gpio_task, ( signed char * ) "GPIO", configMINIMAL_STACK_SIZE, NULL, tskIDLE_PRIORITY + 1 , NULL );
     ^
../../freeRTOS_Integrated_WS_v_1_0_2_bsp/ps7_cortexa9_0/include/task.h:1986:12: note: expected 'const char * const' but argument is of type 'signed char *'
 BaseType_t xTaskGenericCreate( TaskFunction_t pxTaskCode, const char * const pcName, const uint16_t usStackDepth, void * const pvParameters, UBaseType_t uxPriority, TaskHandle_t * const pxCreatedTask, StackType_t * const puxStackBuffer, const MemoryRegion_t * const xRegions ) PRIVILEGED_FUNCTION; /*lint !e971 Unqualified char types are allowed for strings and single characters only. */
            ^
../../freeRTOS_Integrated_WS_v_1_0_2_bsp/ps7_cortexa9_0/include/task.h:345:134: warning: pointer targets in passing argument 2 of 'xTaskGenericCreate' differ in signedness [-Wpointer-sign]
 #define xTaskCreate( pvTaskCode, pcName, usStackDepth, pvParameters, uxPriority, pxCreatedTask ) xTaskGenericCreate( ( pvTaskCode ), ( pcName ), ( usStackDepth ), ( pvParameters ), ( uxPriority ), ( pxCreatedTask ), ( NULL ), ( NULL ) )
                                                                                                                                      ^
../src/audioPlayer.c:90:2: note: in expansion of macro 'xTaskCreate'
  xTaskCreate( audioPlayer_task, ( signed char * ) "HW", 5000, pThis, tskIDLE_PRIORITY + 2 , NULL );
  ^
../../freeRTOS_Integrated_WS_v_1_0_2_bsp/ps7_cortexa9_0/include/task.h:1986:12: note: expected 'const char * const' but argument is of type 'signed char *'
 BaseType_t xTaskGenericCreate( TaskFunction_t pxTaskCode, const char * const pcName, const uint16_t usStackDepth, void * const pvParameters, UBaseType_t uxPriority, TaskHandle_t * const pxCreatedTask, StackType_t * const puxStackBuffer, const MemoryRegion_t * const xRegions ) PRIVILEGED_FUNCTION; /*lint !e971 Unqualified char types are allowed for strings and single characters only. */
            ^
../../freeRTOS_Integrated_WS_v_1_0_2_bsp/ps7_cortexa9_0/include/task.h:345:134: warning: pointer targets in passing argument 2 of 'xTaskGenericCreate' differ in signedness [-Wpointer-sign]
 #define xTaskCreate( pvTaskCode, pcName, usStackDepth, pvParameters, uxPriority, pxCreatedTask ) xTaskGenericCreate( ( pvTaskCode ), ( pcName ), ( usStackDepth ), ( pvParameters ), ( uxPriority ), ( pxCreatedTask ), ( NULL ), ( NULL ) )
                                                                                                                                      ^
../src/audioPlayer.c:93:2: note: in expansion of macro 'xTaskCreate'
  xTaskCreate( display_task, ( signed char * ) "HW", configMINIMAL_STACK_SIZE, NULL, tskIDLE_PRIORITY + 1 , NULL );
  ^
../../freeRTOS_Integrated_WS_v_1_0_2_bsp/ps7_cortexa9_0/include/task.h:1986:12: note: expected 'const char * const' but argument is of type 'signed char *'
 BaseType_t xTaskGenericCreate( TaskFunction_t pxTaskCode, const char * const pcName, const uint16_t usStackDepth, void * const pvParameters, UBaseType_t uxPriority, TaskHandle_t * const pxCreatedTask, StackType_t * const puxStackBuffer, const MemoryRegion_t * const xRegions ) PRIVILEGED_FUNCTION; /*lint !e971 Unqualified char types are allowed for strings and single characters only. */
            ^
'Finished building: ../src/audioPlayer.c'
' '
'Building target: test_audio_hdmi.elf'
'Invoking: ARM gcc linker'
arm-xilinx-eabi-gcc -Wl,-T -Wl,../src/lscript.ld -L../../freeRTOS_Integrated_WS_v_1_0_2_bsp/ps7_cortexa9_0/lib -o "test_audio_hdmi.elf"  ./src/adau1761.o ./src/audioPlayer.o ./src/audioRxTx.o ./src/audioSample.o ./src/bufferPool_d.o ./src/chunk_d.o ./src/fprof.o ./src/frequencyScaling.o ./src/kiss_fft.o ./src/kiss_fftr.o ./src/main.o ./src/platform.o ./src/snd_sample.o ./src/video_frame_buffer.o ./src/video_generator.o ./src/video_resolution.o ./src/zed_hdmi_display.o ./src/zed_iic_axi.o   -lm -Wl,--start-group,-lxil,-lfreertos,-lgcc,-lc,--end-group
'Finished building target: test_audio_hdmi.elf'
' '
'Invoking: ARM Print Size'
arm-xilinx-eabi-size test_audio_hdmi.elf  |tee "test_audio_hdmi.elf.size"
   text	   data	    bss	    dec	    hex	filename
 160956	1149556	49879888	51190400	30d1a80	test_audio_hdmi.elf
'Finished building: test_audio_hdmi.elf.size'
' '
23:43:29 **** Incremental Build of configuration Debug for project audio_loopback_reference ****
make all 
make: Nothing to be done for `all'.
23:43:29 **** Incremental Build of configuration Debug for project audio_hdmi ****
make all 
make: Nothing to be done for `all'.
23:43:30 **** Incremental Build of configuration Debug for project hdmi_reference ****
make all 
make: Nothing to be done for `all'.
23:43:30 **** Incremental Build of configuration Debug for project test_audio_hdmi ****
make all 
make: Nothing to be done for `all'.
23:44:08 **** Incremental Build of configuration Debug for project audio_loopback_reference ****
make all 
make: Nothing to be done for `all'.
23:44:08 **** Incremental Build of configuration Debug for project audio_hdmi ****
make all 
make: Nothing to be done for `all'.
23:44:08 **** Incremental Build of configuration Debug for project hdmi_reference ****
make all 
make: Nothing to be done for `all'.
23:44:09 **** Incremental Build of configuration Debug for project test_audio_hdmi ****
make all 
make: Nothing to be done for `all'.
23:44:09 **** Incremental Build of configuration Debug for project audio_loopback_reference ****
make all 
make: Nothing to be done for `all'.
23:44:09 **** Incremental Build of configuration Debug for project audio_hdmi ****
make all 
make: Nothing to be done for `all'.
23:44:10 **** Incremental Build of configuration Debug for project hdmi_reference ****
make all 
make: Nothing to be done for `all'.
23:44:10 **** Incremental Build of configuration Debug for project test_audio_hdmi ****
make all 
make: Nothing to be done for `all'.
23:47:14 **** Auto Build of configuration Debug for project test_audio_hdmi ****
make all 
'Building file: ../src/audioPlayer.c'
'Invoking: ARM gcc compiler'
arm-xilinx-eabi-gcc -Wall -O0 -g3 -c -fmessage-length=0 -MT"src/audioPlayer.o" -I../../freeRTOS_Integrated_WS_v_1_0_2_bsp/ps7_cortexa9_0/include -MMD -MP -MF"src/audioPlayer.d" -MT"src/audioPlayer.o" -o "src/audioPlayer.o" "../src/audioPlayer.c"
In file included from ../src/zedboard_freertos.h:16:0,
                 from ../src/bufferPool_d.h:23,
                 from ../src/audioPlayer.h:21,
                 from ../src/audioPlayer.c:19:
../../freeRTOS_Integrated_WS_v_1_0_2_bsp/ps7_cortexa9_0/include/xbasic_types.h:115:2: warning: #warning The xbasics_type.h file is deprecated and users should use xil_types.h and xil_assert. [-Wcpp]
 #warning  The xbasics_type.h file is deprecated and users should use xil_types.h and xil_assert.
  ^
../../freeRTOS_Integrated_WS_v_1_0_2_bsp/ps7_cortexa9_0/include/xbasic_types.h:116:2: warning: #warning Please refer the Standalone BSP UG647 for further details [-Wcpp]
 #warning  Please refer the Standalone BSP UG647 for further details
  ^
In file included from ../src/audioPlayer.c:24:0:
../src/zed_hdmi_display.h:3:1: warning: multi-line comment [-Wcomment]
 //     /     \
 ^
In file included from ../src/zed_hdmi_display.h:62:0,
                 from ../src/audioPlayer.c:24:
../src/video_resolution.h:3:1: warning: multi-line comment [-Wcomment]
 //     /     \
 ^
In file included from ../src/zed_hdmi_display.h:63:0,
                 from ../src/audioPlayer.c:24:
../src/video_generator.h:3:1: warning: multi-line comment [-Wcomment]
 //     /     \
 ^
In file included from ../src/audioPlayer.c:27:0:
../src/fprof.h:13:0: warning: "NUM_BANDS" redefined
 #define NUM_BANDS       (8) // anchor bands
 ^
In file included from ../src/audioPlayer.c:24:0:
../src/zed_hdmi_display.h:75:0: note: this is the location of the previous definition
 #define NUM_BANDS               8
 ^
In file included from ../src/audioPlayer.c:29:0:
../src/gpio_interrupt.h: In function 'gpio_init':
../src/gpio_interrupt.h:161:5: warning: implicit declaration of function 'prvGetInterruptControllerInstance' [-Wimplicit-function-declaration]
     pGIC = prvGetInterruptControllerInstance();
     ^
../src/gpio_interrupt.h:161:10: warning: assignment makes pointer from integer without a cast
     pGIC = prvGetInterruptControllerInstance();
          ^
../src/audioPlayer.c: In function 'audioPlayer_init':
../src/audioPlayer.c:58:2: warning: implicit declaration of function 'Adau1761_Init' [-Wimplicit-function-declaration]
  Adau1761_Init(&pThis->codec);
  ^
In file included from ../src/zedboard_freertos.h:2:0,
                 from ../src/bufferPool_d.h:23,
                 from ../src/audioPlayer.h:21,
                 from ../src/audioPlayer.c:19:
../src/audioPlayer.c: In function 'audioPlayer_start':
../../freeRTOS_Integrated_WS_v_1_0_2_bsp/ps7_cortexa9_0/include/task.h:345:134: warning: pointer targets in passing argument 2 of 'xTaskGenericCreate' differ in signedness [-Wpointer-sign]
 #define xTaskCreate( pvTaskCode, pcName, usStackDepth, pvParameters, uxPriority, pxCreatedTask ) xTaskGenericCreate( ( pvTaskCode ), ( pcName ), ( usStackDepth ), ( pvParameters ), ( uxPriority ), ( pxCreatedTask ), ( NULL ), ( NULL ) )
                                                                                                                                      ^
../src/audioPlayer.c:87:5: note: in expansion of macro 'xTaskCreate'
     xTaskCreate( gpio_task, ( signed char * ) "GPIO", configMINIMAL_STACK_SIZE, NULL, tskIDLE_PRIORITY + 1 , NULL );
     ^
../../freeRTOS_Integrated_WS_v_1_0_2_bsp/ps7_cortexa9_0/include/task.h:1986:12: note: expected 'const char * const' but argument is of type 'signed char *'
 BaseType_t xTaskGenericCreate( TaskFunction_t pxTaskCode, const char * const pcName, const uint16_t usStackDepth, void * const pvParameters, UBaseType_t uxPriority, TaskHandle_t * const pxCreatedTask, StackType_t * const puxStackBuffer, const MemoryRegion_t * const xRegions ) PRIVILEGED_FUNCTION; /*lint !e971 Unqualified char types are allowed for strings and single characters only. */
            ^
../../freeRTOS_Integrated_WS_v_1_0_2_bsp/ps7_cortexa9_0/include/task.h:345:134: warning: pointer targets in passing argument 2 of 'xTaskGenericCreate' differ in signedness [-Wpointer-sign]
 #define xTaskCreate( pvTaskCode, pcName, usStackDepth, pvParameters, uxPriority, pxCreatedTask ) xTaskGenericCreate( ( pvTaskCode ), ( pcName ), ( usStackDepth ), ( pvParameters ), ( uxPriority ), ( pxCreatedTask ), ( NULL ), ( NULL ) )
                                                                                                                                      ^
../src/audioPlayer.c:90:2: note: in expansion of macro 'xTaskCreate'
  xTaskCreate( audioPlayer_task, ( signed char * ) "HW", 5000, pThis, tskIDLE_PRIORITY + 2 , NULL );
  ^
../../freeRTOS_Integrated_WS_v_1_0_2_bsp/ps7_cortexa9_0/include/task.h:1986:12: note: expected 'const char * const' but argument is of type 'signed char *'
 BaseType_t xTaskGenericCreate( TaskFunction_t pxTaskCode, const char * const pcName, const uint16_t usStackDepth, void * const pvParameters, UBaseType_t uxPriority, TaskHandle_t * const pxCreatedTask, StackType_t * const puxStackBuffer, const MemoryRegion_t * const xRegions ) PRIVILEGED_FUNCTION; /*lint !e971 Unqualified char types are allowed for strings and single characters only. */
            ^
../../freeRTOS_Integrated_WS_v_1_0_2_bsp/ps7_cortexa9_0/include/task.h:345:134: warning: pointer targets in passing argument 2 of 'xTaskGenericCreate' differ in signedness [-Wpointer-sign]
 #define xTaskCreate( pvTaskCode, pcName, usStackDepth, pvParameters, uxPriority, pxCreatedTask ) xTaskGenericCreate( ( pvTaskCode ), ( pcName ), ( usStackDepth ), ( pvParameters ), ( uxPriority ), ( pxCreatedTask ), ( NULL ), ( NULL ) )
                                                                                                                                      ^
../src/audioPlayer.c:93:2: note: in expansion of macro 'xTaskCreate'
  xTaskCreate( display_task, ( signed char * ) "HW", configMINIMAL_STACK_SIZE, NULL, tskIDLE_PRIORITY + 1 , NULL );
  ^
../../freeRTOS_Integrated_WS_v_1_0_2_bsp/ps7_cortexa9_0/include/task.h:1986:12: note: expected 'const char * const' but argument is of type 'signed char *'
 BaseType_t xTaskGenericCreate( TaskFunction_t pxTaskCode, const char * const pcName, const uint16_t usStackDepth, void * const pvParameters, UBaseType_t uxPriority, TaskHandle_t * const pxCreatedTask, StackType_t * const puxStackBuffer, const MemoryRegion_t * const xRegions ) PRIVILEGED_FUNCTION; /*lint !e971 Unqualified char types are allowed for strings and single characters only. */
            ^
'Finished building: ../src/audioPlayer.c'
' '
'Building target: test_audio_hdmi.elf'
'Invoking: ARM gcc linker'
arm-xilinx-eabi-gcc -Wl,-T -Wl,../src/lscript.ld -L../../freeRTOS_Integrated_WS_v_1_0_2_bsp/ps7_cortexa9_0/lib -o "test_audio_hdmi.elf"  ./src/adau1761.o ./src/audioPlayer.o ./src/audioRxTx.o ./src/audioSample.o ./src/bufferPool_d.o ./src/chunk_d.o ./src/fprof.o ./src/frequencyScaling.o ./src/kiss_fft.o ./src/kiss_fftr.o ./src/main.o ./src/platform.o ./src/snd_sample.o ./src/video_frame_buffer.o ./src/video_generator.o ./src/video_resolution.o ./src/zed_hdmi_display.o ./src/zed_iic_axi.o   -lm -Wl,--start-group,-lxil,-lfreertos,-lgcc,-lc,--end-group
'Finished building target: test_audio_hdmi.elf'
' '
'Invoking: ARM Print Size'
arm-xilinx-eabi-size test_audio_hdmi.elf  |tee "test_audio_hdmi.elf.size"
   text	   data	    bss	    dec	    hex	filename
 160956	1149556	49879888	51190400	30d1a80	test_audio_hdmi.elf
'Finished building: test_audio_hdmi.elf.size'
' '
23:47:17 **** Incremental Build of configuration Debug for project audio_loopback_reference ****
make all 
make: Nothing to be done for `all'.
23:47:17 **** Incremental Build of configuration Debug for project audio_hdmi ****
make all 
make: Nothing to be done for `all'.
23:47:17 **** Incremental Build of configuration Debug for project hdmi_reference ****
make all 
make: Nothing to be done for `all'.
23:47:18 **** Incremental Build of configuration Debug for project test_audio_hdmi ****
make all 
make: Nothing to be done for `all'.
